# This file is @generated, regenerate by re-running test with `-- --env BUCK2_UPDATE_GOLDEN=1` appended to the test command

Command failed: 
From load at TARGETS.fixture:1

Caused by:
    0: Error evaluating module: `root//defs.bzl`
    1: Traceback (most recent call last):
         * defs.bzl:26, in <module>
             toolchain_with_incoming_transition = rule(
       
       error: Toolchain rules do not support incoming transitions
         --> defs.bzl:26:38
          |
       26 |   toolchain_with_incoming_transition = rule(
          |  ______________________________________^
       27 | |     impl = _impl2,
       28 | |     attrs = {},
       29 | |     is_toolchain_rule = True,
       30 | |     supports_incoming_transition = True,
       31 | | )
          | |_^
          |
