# This file is @generated, regenerate by re-running test with `-- --env BUCK2_UPDATE_GOLDEN=1` appended to the test command

{
  "failures": {},
  "results": {
    "root//:dir1": {
      "configured": {
        "<unspecified>": {
          "configured_graph_size": 1,
          "configured_graph_unconfigured_sketch": "V1:XAcJDJAG8wuyDoQIfwnXB1MKXRVzEOoNAQyMCk8Olgl9DXYNjQjWC7QLQBjrDGETDxRPFSoKswmnDMoQIhMJEnYOahFZCPoQvRtEEWkNzwuTCt4L5wj7CrsMEgrfDEUHTQnhDVQZRQslC6UNPAtnDAQNlQs2C1UJ7Qq2CoEb0QoUJk4LlgzOCdgPPwyPDLITBBS4CqwL9wlRBzIMQghADKwLNwunDyUSQwq0EcEQxxZWG/sQWg0ZHqAP9QzECcMLHg+7DsoI8BrZCIISqAi/GtgLdgyaD2EMgQ6pCrgRqAgZDVMcXxW7FIENNghSBu4dqAxnDHgPQgxYEVYJTQtrDTcVJQ5hClcQIgt6EG4MlwpuB6EJdQ7sChELhgk1A2wNGwrXFTAWpgyrByYPCw6wBtAZhwyPDpcZlhUlD4wULg7EDzAMWQoEChQLxg2bCxsLfxBFCSYJEQYdCoAKIAw/EN0PWwyWDFAVcwdNDGMJygSRCosJihP9CiIHOQqBDQsI4w8CCtIPIg8kD50I5wdaDJERMhLJEsAOTA/LD+wObQ1vCEAHwg+CCw0NTwnuDSUTOAo9DhcOwA78BUcNDg8iDKwJzwr9DpkUcQqdESAKZAupCDwHlgq7DS4PgQcECSQNJgh8D3QNJhDCDDwKYArYDQgPEQuUCWYc4AoSCf4IYwnxEbcRFgqXCEsStwm4CisS1Q1xENYNPgeBCFgL3RX+DpwHRha3Ca0M8AfxDhQRZwyYH08KYQftCXwRugllCSIOrwyrD34NIweiCc4TSQkRDhsOIAvxE/oL9wy6IoMSqgoUBx8MhRMMDA8S6wsoETsMUgskDFIMOQoODiwJuA7eDwkI9QqsClIJ2g1nDWQMRxK5DeAKzQnmFf4QCwzMFi8PswszCasHIAv5CjEN0xesDN0dswstDCQSRAssDz4LkA98EacTkhHdCuMKiQ45B20PkBDxCi0L7hEMEgoPLBAjENoLVwymGnATRgcEDRcNggt+EJoG9Ar1CTYKzhLuBgQTdw5gEToQdgrPDUgS8Q6MC7wJkgXpBlgOMwyDCWUL1gulDv8JtAz9C5sNbAu5DpEZjAluELwG8Q+6EegKghLRDWsPfRF8DUIK1QndE40NkA0sDXEQAQ/8CmIMsxHsB/IJdxc1DPQLjguTEgwT4QkeDd4IPAzhCmUInAyyCmIShA9wC3YR9Q3tFMEO9wnXCBkNvQ8QC7IKAxI7CpwQ7g/wCgASegrZBxMLUw/bEI0G8BvmClEK3QsuGO4R+QsCCbkRBQrZESYNBQsoETwLLBCWCfMOXQqRDbIYJRA/DWAJYxlEEtgUqxP/E6wK+g89EDkLhAn+EQ0QiRDKBIQPfgy2EOgOwxhoCzwVOAc4EVYYDQ0ODbMSXgtdCjkH5xT1DeMKAArOFDISwQbLDWgNRgfWDfkDYQ1uB1IOJwgjDC8Okg/kGYAO6Qv3CQYMyQz2CpEMABJmDKMR8xDSD8QQ+h1gBZ4HZhajC40K7Ak0BjYPeQVRDwYNUQ+JDs0IzxLXD5gOig0uCzkPVBPgBk0FvA0IFoQLUQ48DlgPigqOBo8KxAhiFRsYqBBnE34K6QjMCnYLiQimC2INzAs3D+ATWQ8NDAwK8xESDVgUuAyaDIYOuwYRCnUPEBBjDNoP7whgFCQK3w0eCkcRdw4rDxMPbAcsEWARRA0GENMNwQt7B3IJohXxCx0QpBDhCE0SkgvpElAMmgz8C2YGbA4lBcAa8xEOCa4UPxDLCXUbzQwTFpUVKBJVDYkGng5+CHgSrxEMEWcP1AsJDNkKvA4GDVEOVQ2nCokGig6EEwAQGBIyDAwLDBDvDNAP4QdLBlcKvxzbC8cN1g0zDTYFwxIwEoIIRQvNCKgRXAx9CtsJOBhhCP8GZwxQDm0FTQ0HB3sOoQfNGN0QwBEYC5UKjwxFCxQMQxQMDdALvwy9DmgT9QuUCTsULQ2CCCAIEgtpD6wJdB+tC2sPOwz6EIoLGQ68C1sMKBFcChcIABAPBg0MFw8vDEgNLxRhDucN+RhWK4sGCQ52EdEHkA8XChMUHg3jD8oMnwvWD0UK8wchB9QVWhJCCT4a7w9+CVUM9g+UDZ0MFgh0BZYLKwcQENwOXAlPDroQRQsOCucHVghNDjgTgw5ODowJOgwIEKsKZBIbC48INhEgDSUPOxGbEW8GARgECT8HzAzkFekZJAqoDN8VWw2jFaENXQqxBUoIRQ/BCiAMHwitEX8KNBWJDVoWJQtaC+sVuQsqDrMNewyLC/8MHRkKD+gTrw6aDvEGChC9D44OPQa4C70UGRnjFvsKLwuvCR4N+AnmCxcPvgx4C3gL7w51Cy0OTBG6FasN/xzhFLgJYQ0DEz8NpgldCssRDAq/CuIXGQ2cD8EKIBnrCnUMExSpE3ELXQiZCyYMxApNGXALKgmhBzcSfgtoEHgM9Q7FCXoHGwukEnQSuwxuC7MIDwu0C9ILIAx8GvQV3gqaFHAFuAkqFK8HaAz3EUUXygxLENEZRRYfCrMRdQycChwLXBd5DqgLzRV1BukJcgyUDZQOLwoqDbAPlAsoCvgRHBONDjoHUAfnDvEJMgaCBGcLrglWDYoGeAxiEHQMtwVvDHgJdAcNChYKJwqICJQKrwmICI0RTgcKCUgXzxBZEcAIcwdEFV4SXxNAB6cJRgqxCXYVuBLkCysLLwpgLOUMUxOrDjIQIhA0CVgFdQa9DUsL9AaDDLkQEA9yCtENnRAUEHgP8AgMEqsKcw8tDW8K6gofFmwNxwnXB8wPnAwwB0EP0QnAEQsJKxDIGyAJgRYwDRAPChJSE24JAxRCBZkVQwoGEkEOfgovD/8IcxF+DN8UKgqxDy0OIQ5uDnAL9B/VD60X2AnCCuoMvA0PFNkNuQruDeUJTAxfDawPRgrbE74O5hKEFfYMtghFCF0KPAxTCJoJbwr8C/wW2Q/CDN0KxAheCfQNPRA1D3YMWw+aCfYIuw3MC2wSGQxnHIwLbRQyCrcagROjDWENFxDuD6UMWBAuCzsP/gj+D4QNEg5xDUgLgxWCFxkPZQocCUkKHwqODEAPmwiYFZIRdw7oE0EVbAfaCv8K4QkBGr0PvRCQCjYKORILEl8JhgvkDH0PKwdMC7QJhw64CFkP/w5jCwIOBxCJECISBwqPB2YMmhP8DUsJnw4CFugOHRFGCGAPHwltCTATnAuNDd4LqQ2kDMYKnArBCLML0hKJB4IITAraCyYQoQwYEEcJbxM1EmgJMAcpCDgNMgkQE2QXKw0yDjwHVQuSD4cP5RG5C7kFcAo8FCcLxQh3EyQMPwp4D1ESVgfwCLwVKRfMFnUKXgygDk8QDQ7wCn8LDB3FD2YQjggmCWcMKwamDesOahbJFIQK2BKhDJgHBgv8BxkRqQnlDDAXlgvgCYAKWg/lCTwTrQvLDC4JwgpkD3ENQgnwBtIKKA9cEJMMKQuFDFUKHRDfCt0J/wchFZYP1RSICbETBwvxBmwjwgnFEL0GLw2yCt0QzgxvEXcb3Ak5CawMIBE6B0QMFAjDCcsWrg2ODSYUUgy4CuYINBMLCtQRpg05B7MPRw2GHcENPQ+vCWkGYg2cEVkZVQnQCQcKoQqCCO8NRw55DJMMXQ1GDjUOqg3EEbcOxwoSEowPOAzaFIAKCwirEQAX0gqUCskIWhOeC8oHQQiiCnAOdQtYEFkMqgb0Fn0Rwg83CTILOA8DEs4O2R23ElgSNwoxChwT2w3ZDGAQ7gwFC+AIZBOWCO0KqhfYD/0MlxLHCwQLUAvfCywIOR6wCusJCg4SDdQGZAy4Du0OIBXNEDAcZwz6DOYRuQnADJ0RWg+1CxwJRglVDs4PohLjDXYMDhDOCVMMKwn5C8QJghBWDRkLTg7fEsINnAz3CA0O5xh7C/4NbAoxD80LBw9jCR0OdRG8D0QMWAhuC/UNOwyICP4T2Ai0CgELLQsVBjgNdQ3oBtgIQxUqClgYqhibCpQW4g82D6sJwA38F04LLhXvC6sMugtWD/wNWw85GxMMnwlyBywKtwveD2EQiRGuDVUIHwvaDBoP7w36CTkNIhOkBksMwQwPC5oJQRVKDTEP5gXDE+8QHgykCmsXLhMGBxYI6gthCokH4QoGEpUbZg87DhkQdgtSCS4L6AzyDe0J8wpTC20ejxZ0DJQIGRWbG9cMJRjBEpEMRgzDGXkMPgxyC9MN0BHaFskNghKYDXoJfw8YDF0I0hU7FNgJ/QykDDsK4A8+CR0V1At6BgcOohS2DjQPbAkRBw4PuwivCioO9QmsGNkIMRDxCj4JIQfwCs8LUgxgD0IN5wrgEyQM8hCtFLkODgj5CWAMrgoaDzkOZRhjBvoJ0QqOE0oJFhbXCiwN0wtWDqAQrAtHCRwINgv0CnQUlxEHDTgUGgujDKoJfQ1jD50KlA5VDHAMiw35DU0Ozgk1DDAG1gyvC8QPBxUJCPsH3wsWFD0IEQ8EC0MS0gw8EuYKchQHDS8Y7RNvC14LjBkNDTUMsw26DDQP/w/DDCoIDAtLDsgXBAzGBiUTyge8C2YJoBlmBQQRSw5wE+sOxwqPEmkNMxA6HhESVQzTCDUH1Qk6E5APTQkMFPAOdxCQChQGKAsFB1sE8Qi3CeUKng/ID5cNtwp4CJcLTwgCDoIasw/TEIwHfwtKCZ8IUAnDEFgGowyvDTcYpwieD9AKfQ/tECUOOgszGuQMogtbGo4PVgs5C2wPYglqCUoONBdlC7wK+gviD38MdQndD1YFdBAIFPQMJw1eC8IMQQoKCqcQlwsuC6UQeghMCzQYQg+KETgQUAlGEa4P0Q+hDrwObxG+CvAXswmJCMMNDw7WDUkRdA97GZcL4gz6DKoMWQ74DiIKFw2ZDVQMmw50Dl4N6RKOCYQLkQ+3CjAMjgv0B6UIYxEpDlwUYArbCkMSfgZpDYIIRQ6sDSALSg6yCiUSKwmnCWEKdQ3IDwAOdBI0CQYRsQhVBuAOCQ6PCmIMZQpnDeANzBNeCuwPnwqTCvMIjwj7CiAORg3aD3gKgw65B6QJ+QcBEK8PwQn5BW8LaAx8EL8W5wtdD/cNtwvmBv4NbgqsBSgMbhDdB4sMghD8CD8RUAxzC2sHSQuPDZoLjw3jEeYPSQe6D+EGHw4bDnUM1BCnEyEQmgzzFUAQ9A/TB7wS9Q1yC8cS4QlZEEsLixHHC9AItgsLDU0MThK9DWMRXQ9pC68OZwy7EmsLqBt8C1YKhg5oCVUGRQ1xGYwKjQ1bCycOkwxjHF4MmQupCRkOuQ1yEm4OiAvEClILCQsWEq4U0gqmDIEJwgYHEIcMsANjBw8ILQ5HEicIdxprDS4G7RSoC3wZZwgUB5UXXgkkBmINmwv8DrkKxQvWC8oRjBHbCpkVsQuODYINuAk+ByMKvAiMFfkMJQpYCVoFhxT0CYAPwwqXEhoNCw12CX4RoQm1GMAMxxnrD+8FfgiLF3IO6gpsFJgKshDODX0RrQjfED8a/gYeEWgRKhwkCf0M2Q2hCJ0UZhaaEokJLg/pBIEVCAx3DDoMOg2CDs4K7A7ICvILswZWB08LKg2TCNkPfAyCDU0HvgpJFU4SCA1WDMUJ3QkXEOENuxZgDYwMaAjgEOkPmw5sCi8WjyBIDLUMOAw3DKgL7gkKCP8HdQfeD+UKkRmvClcI5gesDwcQtAvIE0MOBxSJELwP+xYvDl8M4hMuCyUOnQ1VGWocKwvoD/EIPwsIEBkZSwvYBRQJ1Ae4Ds4JTQxZFaIOIAsWCnQTWA0GFaIcHwuVCfoLjw/qHSoMSQwCDNcURAwiEs8OQg6ZFA8IbhFwC2cOxxAmDR8HAxC9DgkRRQ4gEAwPqQdQA7oQHQnKD/YG/g+dDjQTOw2YEHIUJg37DDMIHQ7nEC0LNwl/CuYO2QoxCIYJeAuxDcAL5wnNC1UHjg3bC68MCxJNCiMG0A7lChsJNAk9DukJggwKFYEO6Ad2DwwMIg1DDHsH3AwSCgAQdgsvHDsPWQaTGKwO9g2GDswHAgmdEs0MHQd8ECYUyQ9ZDq0F4hynD7wJyQlLF+sLBQs9CrkLlQpWF3UKqA/NCQgIegimFegSBQvWD/ITgQfmCkULqQinCzkSUgvLF28JlBHMCuUGLwwRCf4OthD9FOwMtwfeENERdgkxCkoPXg2aE7gIBQ2CCmkKIxGxB+cXWyPeC3EIohELCcAbxAReCaEJowrmDOMNdQvqEPEKqQhEDsgY9BdzCHMJKA3BDCAKXQ4RDHcLlA/dDp4Xhw8BDTUS6g7mC8gGGg8oD4sPwAlqC9IK0wqMCpcNvAv9DSoJ7QvQDqkKrBNrDNcRxQ6gHq0KOyFJC60Ldw74CqwHpBRpDqwJHQ6XBiYLIgeuB+sPMA5LFagJkgvkDdwJBg0oB1wQdA1gDkQH4hQwGc0PxAmfCqQSAROjEiQNyBbXD9YKZAufER8IZgVYEkQJJxMgDiMPwRIVDsAL6gnVBbAXshP8Cm8PeQ62EfcK3wwuD8oTyw+JDPQQQwmDDkAOSw+aDF0SKhFaFuwVighVDLMRWBQwEacQtQtdDO4ImAmmFKkXXhL+DMULGRN9Cg0NSArWDS8NOApxCBIK/AY0CzIGQAiPCTYUHgrDEQMRORe+CGcUoQujDlkNNg4oCmMRXhEmDYMVrQ6MCQ8O6RH3DLwHeRSKEpMNhwodECwIBAkDCq0JWhocBwkMKQusEwAT6QyIBzUSQwziEf4T5wtXDGgJrBT8DMsOSwhRCRoWMAsAD4wJ+g7WF9EMnwXOENkNOw9GCTgPNBh4Bm8NlwuKFx0OUAyJFPgPtBK0F+kRownBC4gGHA6oCdAJ4BMnDv4Lww11C+8Q8wkBEYMMiwqYCPgFXwjeEG8MBQ5yHEYbuwp7DbQP3AiLDHkWRg0xCFMUSQuZC0kKeBHuDzISPwjtCMYHBg+9Ca0OkAktGFMU/weNCzgNshNsDEkMQhceDBwOSQ6FCzAMnA8VGCwLZBRmEtIRoQk4DYcGZBhVDGoVSQsODgYj2A4+DfQJ2gurFEQNjgznCiML+xJ/B70M0xWyFc8MRRVcC5MN+Q+1EFgKRwyKDF8NaRT/CAcWIAgIFakFHwbaCeENCg7QC5AZ7AezDQ4KIAu0EskP1wXUCNIJAREpE2cTTgiqCpUOJwzYDrIUHxOaE7cJ7wcMDsQOLgshGBIPaQiHCBoJYhAjC0cWKQdeCzkULhCgB2AMZRA9CZsIeA/hDVYM8QtTDJwLZg+aC9oNlwxFDMUX4AvcEPsN/RocIJAImwpWDakHigymEJwJhwhWETMSuQq3E48YkxFBFLsOAxgjEG0V7xHlB2kLuxIADJIJ8BGNEpkSfxODDeQHpwobIBoe9A9qCAoSeA9mEiEP7w0gDwwXfAkXD18RcRJlCS0P+gk6C6ASEApODFEOPgozEpkMigpgEnQTwwbWJTUKwQZjE7kRfxm1BoUPmQR6DT8I3gt+CnUfswfnE3MNexCdCAIKrQ6QErgRBhEDCsgKMRDeBEgMAQqrGN4JowruDvoLIguZDpEQ8Az7DfAKoA1sDIoPMwtfDjsQbg57Ec0PLAjzDhwO5QnlCw0NGgzYC9sE2gx3DgEOXQ4wDfwJfwuYDWQXJQtCBf0TvQjlCGsMxAuCFZIRHQiACm8IHweUCW0RSw2RCCUPjRJwEa4SRw2yCZgTKQ3zDEsMXRhECscMyRVVB/kRFQ1iDssLhwiADuULMwcXEbEMphCHCCANowzSCtUSDhTHDVQLtBGSENoMNRDUDjIMOg5JEPQLHwejCX0J9Q0IDSYOaA5cDXcUjAyoDWYN0QyGCooWIxHyDa4cxhOCByEN1Qq0D10QJByfCfQJZAzFDF0KZhCuFEgNiRYMGeYO1BBBEEscqQYrCPYKKgz7DH0NhQkmDQQJ0hKWEyUFFQ47DcAVOg0MEcsOiQnNDRYQpgyeHCYM1RAbFCYI2RafCqITRhGcERwHUg5fEREREAlBEdIYMQ2bGs0P4gz5CjYN+RF1DFsOqgdQCt0OpwaBBkoN7wr4D1MG0BImE30KAA4jGl0S1Qz3C+wLtwyAD18M+A/oDSkLlROGEPkEzQhnD4QNLRXVEqQPOgorCIITvwvPGoMOUA5nDToPShX5EekXNg/dDzgeQQngBgURsBA7DGIP4wsSDDMKhgyOFCAJ8wkWHLcY9wySCwsPXhQNFKQMIwrtE+AKPgn3CScOQAr5CzEGYw0/HGwH+Qv9FTgMBQ3KCi8TOAteHcMJmBrDCL0VWQqDEFgKvw0dEMUNNwqmEQ0PxxIBBp4OTBPKDD8O+Qt8FrAUChX1FekHlxA3CsYIQgyhDcYG4wr6CpYHJwxSD+4NEAqFC8kRMh4cB24RBQ7EBQwM5AudCY4NRQ8zDSoQzw5+DRUQ7A0GDyAJ2RCjEKgNhwfMEY8K6hgGDV4USQzmCTAJlA7aCMoNpwmPDRYNBw92Dy0Q+Q0bCj8LohHmC/4TsBCiHigMmgxvE50OXgmFEBkKpA2qDg4IYQiUDLQL6B0kEEQKMwnjIGkOEQzvCMMKaxSkDOUJRQzPBqsJigx7D/QJrw0nC9kOnhI/CygNDhKODogT7ggiDswHxAw+CnUKjAnQDxsOPwqDDoIdEQg4C54LtAz7DQcMbxBNBlkNZxG4CNsLjQ9JC/gN9xGzE2QHqgxPDzsNswh9DVQMlQsmDdkgTAfdCzAK6AsEDl0MhgzWDysNmwkHCocOfA0YDSgGSQ6jEBsM1Qz+HOoJKxRQCrUN6gghC7AGVRAfD9oIxwfbKpkWEQjyEecNpwYUEgwWphJmCr0HbxR/Cw8NRg+KEHMQQA+2C/oIlQdgCcwHpBMwDkwXRA5uDl4Oag2PBuINYQwEEgYO0QV9C6gUxA4AFf0SYhMjC44LDBiSCE8RgQzWBs0KOwokDBQIzAgkDVoSIAzTDVMLcghvDA8M+QknD3oJ4wpWGPMMYQ9zE9IN1wsNDL8J9Q35DggLbA7GFMkKVQn8D7cRaA3iCgIMbhX9C1cO+Qt5DVkJxgnpDPITDxMBCLwPIA/gCqsJQQixElAOkgVKCVQVgA0GC4cVERaJF5YTfRHQCCYUzxD4DOARFAs4BUESuwVqCtUKfA07DLIGmgwkEAsMJA1wBy8G8BCJCf8M0wkcDykJEw3nCB4ONg3JEScM2wvCDEkPcQ9kCl0JBRH0BX8GNAnaDS0NmwXNEEkOJwjpD14QwwxIEkEIvwhpDNwHEhTrCr8UYxFcB/AKjwvQC3gNBAjZCeQQVgY7CBcYthK5FTMO+gtKClIQCxAxEfgMEApoCJcKQAtoFOQN+AV4CJEQFgwmCbUGqQ8jFxwLSw4HDMIJoQ3KC7INxg5NC1QQzQSfDZgIvg5QENcR9AnqEEkIFAypEMwLcgkAEesMiQ+SEpcLdRAqDCgOyBSxDu0MywaQC6Ub3BICB5MPYg6REcELqgzkCUcLEgtLEngHqBH4ErUEHw6RDTIOexUMEf4FMRLRCbINow/0DjsPyhJ5C2ANqAlgDFIO6gwOCyoJQQpqCuYPLhI5Dn4Kug0yDWUM3g+UGWEEZgw+IToRRAllCvkPVQttGzALEA+fDyQOdw0sCKoNAQr0DFQKXwnlDGkNfhf+ERgIZA0UD7gJawnCC1cGFAhFCAkRegmQDQoKFBWuCugSlgpnB7UHiwzICL8MwAtbCcgH2xBwECgIhwuoDCQR9hvmDocLtQ07EFcKGA/uFxcKnwjQDckI8Av7D3YIgAeaFnoKnxXYCysGXwgJDdERexMoELsWiQgZE4sQ7BtWCjgN1AsJEBMLuQigEW8H4g+QDpIJ0QyBEmUMzQz4DUgU+hQiDyQSagmcDkoKHwlaB+gSgAtqCQsMXxUmC5wPFg4SCdgJFhsGDNAMKgZKD3AMigqiDLYLDxGzD+cXaw4pDIEUZhWvERkQmhI0C/QM1A95DXEX8w5+Ex0MCA1GDW8RkhTWF/8OFwpKCmkPQg69CYQKNAq3CAUVjQ2qBzIKsw1mCUoSmQr2CjoYBReqGVQMigmHDz4L7wk2CLwL2gmSCG4PNg2uEvIJ9gpqD20TvhMNCtELlgvOErUMqw2FFYUJuw1CC1gU7wVMC08IHBb3CpYMsgjGCXcRDBQ/DrgNlQ2bCb4O7wz7CbwZCQa/CnAMJA9ZDU4PIgytGpwTKgxZCjENjQoPF0YVdhPGDF4IEQzeCdkMmigJDS4Mag2zCskX8Al0DhkW/g6dDZMMwg/7C1sO6hPXC8cLyg4uEU0PNQjgC00MKg11ELQSlhRZDIcJIhnxDZ4SkgbvCkIPeg/3DAcQ8gq1FhwKgQe0CiIVxQ44CzcMfAtmEIYHUg1PEKQLOBAvCNsTmAw6EDgNYAiaCMQMdAZOB6oPJxbsD9wINBHSBr8O8Q3CEp0LkAoDDp4Kzw55BEUKgQ2BH3oKOQzUCj4MRQzyCqQNZAwYDW4LIApmD8AWRxqXCQQMdBRrC34HmQuODzkMbQoKB3kMtwmXGW0QKgnVC5AMyAwhDQQOSw3OD+IKdgopDgELkQk8DlMLgxGmClQNeQzvFJoJ5RCWEXUJxwbZEo4clhtcDtoLNhL0DNELwAOUEu4MKRNiDOkXYw6oEDcMcQ2GDDUSzxDtC2gKBAyyBzsSFAjODaQZHg4QEcELGQvHFZ0MvBfRCawKLCWWDkUSNwuVFWcPFgrjC8IIdAo+CzMSDwp6EQ8Qrwx/DP0L+A8GCfYKQw54DZ0NpgzOCtwMoQyhEBkTrgXICwcMLwo3B6sI3w0fDfcHYhKeCIMLnwvTCY4NexOiB2sOmw9iJdEOHguWCA8KbgaVCdclkRSIClgKwQqHBskInQmtCMQTnhhoDAwTigwgEkIHTg+CDLUM6Q5MDwMJaQ8xDJgJzwyECyQVBBBfCOEGWQoQDSIIOQyEDc4NPQzCDTINwgsIDqQF9QgFD+UI+hImDRAJmwycCB4TeA4",
          "errors": [],
          "other_outputs": {},
          "outputs": {
            "DEFAULT": [
              "buck-out/v2/gen/root/<HASH>/__dir1__/out"
            ]
          },
          "success": "SUCCESS"
        }
      },
      "configured_graph_size": 1,
      "errors": [],
      "other_outputs": {},
      "outputs": {
        "DEFAULT": [
          "buck-out/v2/gen/root/<HASH>/__dir1__/out"
        ]
      },
      "success": "SUCCESS"
    },
    "root//:rule1": {
      "configured": {
        "<unspecified>": {
          "configured_graph_size": 2,
          "configured_graph_unconfigured_sketch": "V1:PwfTESYXfhG8DisHFAvWC2ALsQxIGUwWfhGaHGUNlA4eEdQHBxAxDYoTUBA8C1gR7BLeEcYObw96FcImkhSGCtoN9A15DXcPSBUUFRMVlRI2ENsQZhLgEtoU7Be8D8cMqA97F98MaAz0C9cW9hi3EU4UchQFFKwQ/hPFDIgPpBJqFGIYgAtsCesTrRF5EI8Lrg4mC+MLpxPyEEMbGxShFUcQSQwQDH8KwAqTCoQPexd9G4QR6RDjDN4TZwsWFaMO0gwhEEsMiw19DdASuw7FDVUKlwxxEQUTuwc1DnsTXw8RHvoUGBXuEHYKWg0xEJUaNQ9QCkEMEgzPCTcKjg9TDOkOnA4EE5YLYQwYGwUW0w0bCFoRCRBiDgsTxA7fC1QNzAsYD3wQwRT/HOAWohECE88M4RixEQ4ShhMhEfsUvQ82EAELdA1tFFYSZBN9CWoeqwwcD2sQzRYeF/sIkg0wE74PsRPGC24WrQ/HEywWVA8QCZwQzxOWD7IOlQuxFQQO3Qr5Cd8LFw1iDVIPbRTQELcPCgxpCYwL2g/iDEUV1AwsFJkSPw06EDMUXRZYFgYa4hAmFK8PfxFjEToOdBRZEkcSVxAhJooPxgxdG0URLwsNGmsUTAuLEEMO/BEuG1IJGhj/FfgTghU6C74PChgUElkOdBEaCaMMcApZDNUNhBhKDDERmBAoD+4PBRXSEHcNpQ7IEvUSQRNECD4MehH6DX4RxxpDFmIP+w2oDF0NARV8GN8Vjw71ERIRIwxkDRMP6g14D1UKjBXDC9AMlA8+CcAWqxaZDg4RLAuODhQOzg0CENoGrBFFGJMVsBFUHeEPbhGGG6QJNA4eEksRhQy5C6sYcQ6FDOkUOhFRE4cYSA/kDXUcEg6IDhMR/A6tEaAMWwq3EYYPfRFxCzsTzAxJDq4Z1gsbExUZmhDNEzMTrhXBE9sMLQ0hEIsLLRkvF3sMHRD3DAUOuQ87DEANyA9wC4MIpAwbGjgTUQ1QDVIQJx3YEaQLiQxRDDEUkgrDDnwZOwowDT4OOxLRDioMMBPvDTsUlBS/EvwUoAnWFXcRmw3WFMgUHxmBCrIOhA33IJsddgwAClkPRBv2Df4QzhUODtoLbg9lDhsRoQ+eC78O2RESFoETXxJCEToPsgv2DmUP1xKrEnATmQ42D3YQzBQ2EHcOyA0vDVASEw4iF0kTjw1xGjEIpBILDcAW5w/oDAMQmAyyImAIhA6PERYRpBW5CuwMtxT7DRYNow79DckOFxq3DZATmRInDEEN8wkPEUAKMQzbEogRnxsnEUkLIBahGHQRZg47ECcLSQuvDGUKXQtjDFQMwA21ET0SyRbMC+MM6hL5E3kUcQ+uDIMWogv1EZoVPBAUEo4LrxWTFDETjxD4CxgQ3xnhGtEQKhFWD00Rcw4wDnkMhg3vElQMXxSPE2ogxQyiCxYKYB1EFEYMZA28J+QU7xaIE+gPEQ5EDCALWRI5CaQPqgxRC+gLTBMSFEYX0RGPGAIQ7Q7PFW8WUA0YCosJPBLvDoYJow2BEH8PbA4UDHIMfBeaDMEVuQ6iFScRYg78Et4O8htGEo4LHQ3TGV4SLxOCFPAJIA5dEhQSohKNCVAS/BWADb4LkxMkEIAR+wtSG4AQGgo0Cg4PeBixDd8RkQoyFLwMRBsiEF4MggnwGMAQYA9XCqQMcxEgDV4Z5w1mEV8QaQvWF3IkZA/rGooL5xmoGokW6hEiEvwMDxEvDo4ZrBArEZcRMQuEJ5gK3BGqChITexEOGREL5BInE1sOzBikEHwNxRXgDPIPcRJLCTUPpRnqDrUUlw2jF2kNHQ19C60PMA5qGMIQmQolDUQM2QoNEAQMkw4oD1IRLQ4PExYKYRBEC50P9Q6XEwAmIREQF10UQBhhEU4X/AnkEZsM+g+LDckORxdtDP8QGxDpDm4QewtPEbMTChKiFoAKzxpmFssJjRZyEIsOog/iDYwR5hKEEBcRqgyQDawQZhI6CZEOBAyzD8YNOg25E/0MBA5eFcUTUA/mDUEQBwtzDPobTg+1HI0TFA2wDNIRWxAeCtUOwAi0CwAVHwl+DJQLPxquDo4KcAv9EfML2RK+DbwNzBiBEJUPZQ3SCzoRPAwpDnwPkhA9E+kMBhpwFYEMWBUsEIUSTQ4gEQ4KiBG4Dhcd2AyoFsAQwg58EKcJMwxVHdMLnA5dDisRCRLXEFAQNhyJDZAQ1A3fDpUMGBO4DrwZICPdDaEUPhTeD8ASGBGyBzgR0hD8ErAToA6EFHARjg2aFj0SSxG+Cj4KHApPCwMOJxNtDaYIvguEC9cO6hEeD6AXzg9ZEW4VoQsKDesNbBJnEPcYZRIyHEITcxHCD+cbvBUuDTUZ5hArD/QNLxJuC+gSTBZrEqUNXRSTFWwQYAoHEuIZZAjdDsAPvQ7iG44Q4golC3sPsRBJChcV1QphGXMQtxWLFQYWVhX3KAUXyhPsFbsStg6EEpAXORx+GcIRgxLRD14Q9w+HEM0ThxE/DbsLSBSKDgIPIBczEgsPhxNSFNURtQ5PEo0Z/wzwGVoNMRN2DIEJSBIfEBAXIAzuDp0THxN+Fr8QqQxyEd8MVw4iDq8Nhg4JGmgT4xKbEpsTcBIqDWkRKxEmDegSPxRDHD0ikwxyE7sLcBRtEzwd5hXIH7MLswziHYUUIg0FDQEKLhDVDM0MaQ/dD6kOTxh7GFES2Q67ENsOMRwlFXwRiQwGCzEiaAsMDsoKvArUEZIM/wyNDSEVTRynDZgKmhCfDdUNkhOeDP4TAhdkEo0QohdaFWwQ+RH0FuEObw94ClkK+AzIDqwMcw6ZDtYPxRFeDiQakROwE4gRCwk3Cs4SDwxaD5ENaRQaEF8UdRYXGFoNZw12EbMIrxC7FmQP6Rf7ENUW8xBKDzMTdQ0eEDYTARHMEAIWihZPFFIQ5w69DUsTfxA0EFcKexJPEBAO/g5VEq8OsA/qEYMP2BKiFDIRcA5GD0ASug05CykRyA9ZEXURKxPUD4AOggvIF/ANxA4CDYIQoxRWEbMcLByLJ4cSTA9EE1wKUQq5EpgMhRcUEYkNQQzTDKAQPhOAGNAKJBCZD4UhSgxTGAgSUhDIEegMfgiKEaoOxRchCw0R+QrUEmQScQ8pC/QQZA20DZISbBGIH9AShhbmC5AfDgx0EHALQBiCEJAPow/mDGkNMg5RD4MR2BBnF3oPOBxmDY4TjhVhDswPBxj5D8IVLg7EDZAalhCcDSASlxUMCRUOyQ9/C4cOCA5NDhASFxLmEuALmhEPEDMOmQ4KENIPUg0LEnMOvg8iGj8QvxA3DewKcyBuDOwMNBPkDZoSkBCtEawacQ+2EvsPaRT2HacVaRVlENwMZw5vDhkPXxcwE6IN3BRTFscSUwrrD9sPAA5sCrgLCRjsDy4REg+7DhcViBQQDK8QHAuXDRsOvg6iD/0flBQNDJMLVhCYGRgKTw/VErERQg4BEUIWVAw6DGkbGBj4C9gU/BEnC1QYmA97ECwVfhGlDXkSABI5EXwYCA7UEnsSBQ6FDhIMEw3VEg0gaxU3ENUQyRE9D7ESVAzTEEESEw/hD34RPhYwE2oWqwucDDEPFBXNE0wS3RQ5CnYO/Q7wC30Wzg5tEY8LlhFZDX0SARFuCiwP4wwDEGYZyRHVEPIOwgwrDmsPww/qC2YPZg81Dp8txRaACiIOgBOICgwOXxRQD5cMdgpfCvALExMvEHQPTxctE7QTqApoDjMgSw3vFIAQEgq6CjIJdQ/qDPURnhRlGtQVOQmYDjcPSgu9EV0MDhAnEQMSFRdAEVELxwklERkO7RCUEDkRgQtbDhMVQApfD+UY9CGFG0IM4Qt2ExASFhVrEOcMQg2PKFsbgAoJEigRGBNJDfET8BO6D+gQvwl5C2cN4wtiDVURlBOIDv4QkxrZCgoQ+xXhCd0Tfg0bESIawgw0D+kK2xJkDt0Tzwx7D6QQNA1SDWMOoxKIEbMPBAk5DVgRXRIiDWwKIxSbFtoNiA9gEasYAxDwDzUQrhxlED0RAwzyG0EeqhoXEFoPnRN1EqcOsAwWHzoTRBArEJwOxhF9DDEPjAzJDecP4RT7DZ4iQhK3FigVHBVZET4TpgmWDYAmCRxaEb4O+AhxCzAMvgsIDh0WkhDiDlgWehBwEocVxBCDGHwU0hbPE7IOOxeWC+4UHxLIFpARVA1lEMcMHiCsDSAOlRbaDNQQyA+1Cv4GEhS3EdMP8RKuEjcM5AsADxcN9BLnCzsVVRVODB4OVRBSE3IPPBrlDPsOnA5YEr0NnBPUDSkMQxeFFKMQLQ09CwYT+wm5EGobQhOtDZcOsgjjCbYUjRIkE/kPlxM5CnIJKxA1EIgSCRD0DBsL2RB6FrwcTQ/LFmUNVQ9JES0RhByDCQMarw3VEK4P7gyjEV4JdiLzF7YR2hDqDSwMGxC7D6sLhhFlD5oWGQuyFJYN1wpsDR0NDQ7ADmYQdw/nEBcORAsPDo4YigwqD0QWugqLC8gOYBIBEWwSqQ5zDYkQwx2EDVcRCw3RD8QVPBIOFnQNYQ7xCbsN2RUiFnIR0h3jF98QHRkvDXoNvRg5DMkQfA0SDU4TxBK7GHEHdRQbEw4WGA62DbMNnR9wCwQU7xLXC9wPCBNCClMNbxUxDQAK6hCHDjEMzg0OEjwYQRNDEKAPFxCnDSsOZw7iDfoP3RBODu4lowugE9kTVAtFEKEVlBU7C7MNYRJqDW0QGyHREPgTPhnHDAMQJRMfEvsP5g4aFmIYKRByE7MKHwlQCxQP/xO1DYcNbA1OEoMKAhIQDg0SKg0bExgWSg5OHFkKwxN4HscTzQvoDw4RRxCEDrARohNtEcAUahGKCd8NuQrIDZwULw2JEh8NpBOjD1wRTwzQFTUXfA6wDJsfwgtVD6oQqwx5EsALbQ/UB84OZxA3CwcS7gtMDoMbLRPvEqILJRBiEA4SBxSiDMYPiwrRDH0L5RDUDG0QkQqXEHkMbA9SEHINAxo2DugUlhV0D8gQJAyAFy8PGw3QEGwVVRkXDG0I9hD0DaoPyw6bELMMfBLrDOALoAp4EwcdLBGQEfsIMhHfENUO2wjmEcUenAxZGvoNWAtGFgYNEA+7Du0WPA65C7sSPg1WDSsJHw/mF5USXBHmDCwIrBDyDpERLxuGFSERGxT/D8YSyBQAF70KnA6KDw0O4A8MCRcO8Qv5EqAZzweGEUUMeQ90EhgJ6w9pD54NOxANCXAIfBFxCpoRiQ9CEeIW5x6ID8YPXw4REAkXjBKgHkwPhxL+F+8QMBDLFRYPbhCTEzARFgvJEGIIGRK8D54OQAwHEKUQ7BRkKhMRwg1iG0YQ5g2KEcQSwgg8FFYOcBJ/EAEPlhfQE0MR0RPMChsijAzgEVoNYw0RCigOqgpNEgoPGw5FGz4M2w2pEo8QxA/CGXgOIhhUEtQSbRLVDfUMQgrWDzYV4goKDaMNOwshEQMUtw5eC2cQJx6eDAkM1w60DFoW/xOzEOIJuRMGD50U6RLUDagRqhQsDikKOwzIDYAQOhIrEHsVyw3tDJsNQgxHCrUO/gnhEyATPhTtDCsR3BHHEpoQMxWVDKYWZw42DcERHxiNEFkOxQ4CEWwOzw8TEr0KpREPE/8PCxWuDPMXYgt9ECwRmwvTEVgKMQt+ETAPMxGaFtkHeg+PEGEOGgzdDlQM2hIPEZcRNxUOE3cftRTQEQ0cNRHQD9EL1AwOES0JdgsPCrkbNROWDeIW5QhiDl8Q8Qm+D1oQRwyYC80TohCcDoATBhpxDDUNwxHvEP0RNQlEDAAZ/g6/DT0TrQk3DXUKfg+/Dm8RCQxRFc8SoxOLDNgUwhIMEzQM/RIKElkQghKVCp0QiBLPC6MWnAv+GicfLRArDGgQxhfjE9wQkQiPDFoPlQ8oE7sRZQ95EWAMewtJDtQLeRK7CrUOeQvRC/ARaQ/gEOMJshXdDYYOiwpUFYwKQg02ESgRfAyWGpYNoBdTE1oPlBkFEcMTsguECTEWFxKrEtQawQ3bCxUUtxbIC6wOXQpmE7YUyw5MEmoSWA9hC+0NKhE+FskNdBQBEHINfBU5E1QS5gvJDZkbTg3VDd0UvBSiDOMRYw9GEfIKVh72DjUTQQ/yFegOsQmxDeEQGROxEyEV9QlSC0IQvAutF0YK1xWnCFYMrxB3IBcPmBAjF9cQNws9CgYZNhCPE9EM4xXFDjQX1w5LHdkNOA3lDWcVexR7D38URAwkEToSHRTFDXkQXxB6EkcUnRV8FSYP5glmD5YQmg5mEp4S9RJDEJgM7xDnFy8W4hfBEIkQRxDAEWcQ7BvPCBwQhg3lDYYQjRJ0JoMZSg9ZDFEKjxHvDVkPzAyMFfsOIwmXDbgYQxyjDw8SzggLHB0LRhLZDFYQtA9oGLgPRhQFCwwKFw+1EBMSWxUcC+8N8Q7iCXYO0A/1EvAMfRBnDMQNKAz3ETYUgRjkGi8NJRXEFgkcsgyTHskUhRTGE10MUgt7D0UPMRTaDsgRnwqsJ/AK3hIXDEofAQ0ECYwPHhWREMcWlQyyFdQJ7hDlD8QPUhSqDwsK1hR6DhYgEg27EcESRAyzF5gQJhL0FvcR0RUzCosLxAqbDKQKlQpSFeYMdQrIEdAOlBBOEn4SkBoRE1cLgQxyFJMRLgzREcoO+A5uEUYVCxDHEUEUmgw2DiIXhw1yDK0M+hAyFPAUAwzNJhwOfgdjCnISXRZ8ELULwg7eD1MXVRDSC4cVDRFGE9MQexihERkO1BJJEB4Ojw0nDkEULxF+EukNwRHbEswQSQ/uDCIcLgw/DdEN9g1oGVMMKRB4Dv8RSQ8vC2cPjRAmD28Tng1EDJ8RcA5RFBceZxH4EYYVJg7wDLUM8RN+EVURCg8cGEEOJw0TEDgKPBbzD+QQ8RNMHDsQhg72EIcbNxasDYwT3xs7GWQPDBNaHIsUlA+BD90LZxG1Dk0P2wtkDSoMmQ5fFjkKQhQSEvgL4xwNEaYOzAshFEMPOw13Gh0VRw5wDRwSAg+yDm0MHwx3DRIN5g2MFmQQ/g5NCCsPHxHxDckRHQ0vFLkK3Q5IHRcLphElDXYLIRDmCZwL4xTcFkoPzRJjD8cO7BGgCz4KfQ8pDDwOEA/2EzsOoyJKF/sHTAqLFI8ZARS+DXoO3Q73C9kPww7gC9ANDQc8CjsN0w+QGNAREgqTDa8OVw5MDmMNag1kC9kL+wrXFUoOrxJ6Dm0TQBvlDGwNTg6CEJELaQyQFKcWqRIsD/oQ/hK7DNkSJxF6DiYMLBDCEGYKqw4fCtwRVhRPB0sNOhLAFG8SGg/YEsMW0Q7NEScRiRG6EwoPrB3EDAYREgwyD1sK2AtpDoQPdRO0EbMNtxBFF0gPthLtCuIMGRlaEDAOqB2zEHIKNBeeDiwWIw7yD+UTmhghFMYP4BF+DYAL2xesD00Krh8CFAcPew6mEz0LHhMJE9ENtQ7IDfkPvxDmIIUNsQ8KE7wN1hUfEtUMMA6SFHMi2xKfEY4bxBGWCpgPAhWkDyMP1hSrFCsmdQ21FbQLHw9TCkIWrRI5EKgTfg3gDSQSvxL7CUgMtBJ1GKAMkAzLFsYM2hHTCIYUvAx9FbQO4Q1vE1gTfw7lDiUP3hmIDikOnw65C4ATIw5kEewNdA6hDyEM9BlFE5cNHhLECVsQphdTDRYN6wxuDWURtBIlEhEJYxT0DAoJHBq9E7MMtRA+DtcPAgxqIncNDA56DeMNpBFvFykNlhpxEvMLUB5VD/ITjwpUEWkJKw0PCtkOJA0eEJoPKhCwD3sV5hMfEuwRxRTbEcMWcA7GDJEQviHzEowJmR0aDE4PLgxhHPMOOA95EdsNlgmwEdQafQ4pDSkZChg9DrgYLgs9DpgPMRU8DAYS9g2cDDcSbA6hDqgOFBcbEGsZpg8WFE8QCxF5D40LIRCkEA0M9xPiEt8MZA90DqUP4wyDCDENexI1EUUMuBCTDnAP7gwEDKcRYw9pDMgRQwynCsQQxw2YC6UT0gibFM8Y8BOqDP4J1xBSDNkQHBm+FqIPgRCcFAUPQQtxFaUTYQ6iFs0SjAdAE/8LJxI1Cv8OdA2aDp8MGhlPE3cSFxQwC7sPNxqZEr4Sdg4VDfMU/w1WELQUNgoiG4EOHROrD2USHA3LGKwUwhLtGnkTHw8CFEEMXBOPEx4RoBPWEa8RuA5nD3IaMRfxDGsPiQ4bC2QkwA4GE74NXA5xF3YQQwsFDrsMcRITEMkQXxJ0EuIOmRbZDtAKHw3gFu8TwBVDESsYORiqE2oOrAnBFJ8Q6hGbFCQP6QijEQQKcxdFCvkSnRjBEAcZqxBQDhkMyg1LGFcOKw2xCaUOFAwfF9YToxOkE8gMNBTEEIQVdwn+Djsa4BKfENcTzgyqCvMUORgODzMVYxMTER4NjxL8CfcNuBU6DSEaPxHMFx4VPArqEPoQthHPD3wMtxINDqIIYRK1EOIMTRHaDr4H/g+TDrINyhbBEaoQggz2CroO4Q2jDRgRRxHDECcTcA26C0cPPgx3DlAP0BFgCmMNxApmCmANFAp0Dq0WogwIE20Okg8EDbQLjQ0fFwsRrA6TD+QXzg33ED4cCQuZE/8NQg+hES8UaAp0DTMRjwmIE5kYGA0mDw4O5w2TDpUKYg41DdIMBROLCaIObhWJD4YKJhH8DkcUVg3eCcELihBoCx4ZtBC+ELsVDxbWDmcKgBB9D7gQew79Co8RFA9nDogLQA1KDiUc3BBKDokSDg7iClQRHA+jE00U6xIzCZAQbBVXDrAMmxgnFgoMWg1kD7ASGBdsENkUbQ3KFAIMWg/ZEX8kwx5uC8AOwxBeIKILjA7yFwsQBQq2Cd0RAxbRFDMPkAqACuoKuROkC7YO1RJUJ14KkwxfFb8T2Q/3DoQTihdoDpAO4g2QD2YQMQyqDTEOqgtzDA8NPAxMEQMJ0BE7FD8bTBVuCuMU1QybDmwMtArTEjUK/hF2C20PqQ74DRMOxw5XDPUSBhSjGgcROBD8DnEMcgtJDLMR7wyEGVILHQ1QCzsVzxEPDg8P3R+2FBEYVA12E0QNawrID8kUdwygEhoS0wlZDWkQBRJHCCwR9wtxFHIKrgvWECAR4xSAEZwKtAt0D10PfhHoClUUexHlEK0TExcECi4JVxElCIUJEQwdFZsSgw1sHu0NBxMCEVAewxMNDC0ROwvJDNUQOA6uE94KpxLxEegUygjRDqEOuwyZEa8Oaw57EGwVmBN6DDoRaBx2DTkLOwziDmMJeAwMDgASEBESCRkRzQwqF/MOFg99FwcR4wpNC0MMbQtmFdMWaQ+/EiIM2xAyGMIR8BEyGuoMyAteDkMIGhBSFSEXeg+sCswPQRESD/4SSxQNEG0Jyg0JGDsVtgo/DsoNjRJdETMQFArlDdALsgv+Eg8hPw30GocRwg4mDLAPzBOQDWcQ9A8PET4OXA2IDf8Rig9WDxoLFAsUGVkQAhpjDHwPYAorDW4UNQ95DpkNCgw0FnsLRxkDEEYI0w+WFcwPlQyJDXAXVBVpEagLsRQFFL8OAAwpDUUROhP5Dy0RLA49DhUOiiIGFeYPqgzmEvcJ/A2QGJIPPwu5EPIWLQvwDykLKQxOH0MNCA1WDa8S2xWxCkcQEgwtEB8N/QsJD9MUexBTHukR0gykDkMNyxDFE1sQMRIhCYALIhadDwgOywzICtoWfxiXEBkPoAvxDsMQBQuWDPwOwg79EtoRsBaKFfwLJxAuDyEKbA46GDIOGxOqGfMUTQzwCZ4MhRH6CBgMhREsCkUUlRAhGIEPDRYQEUYT/g30ENkOygo7DhMN0BAdDdAQqQ9LDXERPwrgEQ4K3RDyE50TwguWChQU5xDuESAZyA3AEPAPagyQJrUQyRBjCMgWEhA3F3MNCw1cDxYSFRENDycPGBS4Ff8OLRKSHKcMyg9iDc0MiQ4SEUgNBBBAE6cSVw60FQcRxg3YDI0PPBdEDa4Siw1kEIUO5Q4EEXcOGhDoEM8RCg4YDZENsxS5CTUJOBArFHwV0RW5Dr0KyAzqC2cTSxRvEIcQvAzSC7cPKA3nDRwPTw/GErINLQz9FUsQ9QktE10U3REsDP0SHBcZEfgJ6wx8DVwPCBFFDsETeApYDOULHxUWFnoXpxI8DEcVZgxjFKkLmQ9gD5sQZxJ+EdYQ6xq4D0EPkg/aDhcXLw9sEP0LWg9nDqkXghMMD64NaRG3E1sW7w4ADM4QWxc8EWoQBxGCEpsN9A5kDCwOuwwmDboMZxQWDVURWwwVDQQV2Qs3DmYSXRBNELwW8ReSFYIT1wtqFlAKnRIlDWESFhZlEIsKzBPMD58PPxCTEW8VlRDqD4QVUglVEGgODQ/ND5YNbA2/GNAQeBjtC/AYBA3NDBgLlhg1Cj4NUhC/FqAKeg8wDzASfBKmCaoKVRTeD54PDgnhDHQR8Q/3FhIeQg2sD9ET/R7aEI8V9gviDKMSdRSnD5ERRAv6DpEMQSQ6EYgNqA9jDJYUFA3cE5IR3wp2Cf8Ywha9D1ESdQvbEWgNkg1oDFIQhQq/EIMUfxGWE9cNcwnREG8MrApxEz0diQxqD4ERIQu5FPEbcA8HDMMO8BW1DNsJcxscFvcVWwtsE5cP/hNwEjEK/gvaDJUZ8g6pC5oLpBRnEdoLYRegEu4QFxbCCvoYwg0vETsQUBBCEWEK8Bh9C3ISMA21DZkLxA4ZDgkPhBYXEsMO0BFLE4UOZQ9HDKkKbhGIEWkPvxQdEjUdigsDCRIQyBfTFVUQGA8EHjYRUwkzFj8MAhP5D/EaVwwHDVMTDRK4GocZPRgVEmQP4BIWDCAPYA/IDzENHQt0EbgK1B/lCRwQrAy/D7AMlhEcFTsK7hdyD94N4gwkEKsJmxBaCfcQbQ6IDHkQRgxNDy4UYw+fEhwOzhPWDSAKRAxVDuYLJRJLDSIKGQ+ADvUQ2wtmE6IL+RBkCtgN+AtND1UQLxEmEFMYsxQ",
          "errors": [],
          "other_outputs": {},
          "outputs": {
            "DEFAULT": [
              "buck-out/v2/gen/root/<HASH>/__rule1__/out.txt"
            ]
          },
          "success": "SUCCESS"
        }
      },
      "configured_graph_size": 2,
      "errors": [],
      "other_outputs": {},
      "outputs": {
        "DEFAULT": [
          "buck-out/v2/gen/root/<HASH>/__rule1__/out.txt"
        ]
      },
      "success": "SUCCESS"
    },
    "root//subdir:rule": {
      "configured": {
        "<unspecified>": {
          "configured_graph_size": 1,
          "configured_graph_unconfigured_sketch": "V1:pwnWCocN8hDrDdUM4wcGC08NHgtqEvYJXQs8C+ESNwfSDBEJ2AtlCtMOkA4NCZ4N8AbAFHoNXQ51KfsI8wzjDcsPZBcVCcgOfQyfCM0IcRM5CxgUaQ29DkMPYRGmD4UPkg8+EN0LthB7EKwT4gyfEEcLbA3EC5YPJAuIDPMIIAt1C8UNuBqmEo8QhA/cCo0Qdg0WCx4Pog0vCugJyAqdDZcHRQ5UC+gUPQ1cCGsNxg1hDBQeaw14DDUL+hBBCEoL2gptENQdtBHTD14LoApwCAMJVQdsCMYK2wpJD9MLHAplCjYMWQevCtoHZgncCgMTtgujEZUI8Ah6DLAFQBKPFoMW4hD/D3UQQhAAC7QMmghGE0ATSQgNCr0LUQyYEssNkQ96C0kRYwU8CNEK0wtgHIUROwinEvIR7AnQBycJtgu1DbwYuA5yCtgcnQ74C4QNGBS7Df4GZg1/CncJvwx/DV8IOgoLF0UIfwsCDr8MXgVTIq0MgA2WDRkNOAk0B/EJFxIPDXoO3wXNDWQYyhEsFtIJVQw+DzAFQBfSCVoLVQe8B4wNvBeyDGsH3R1gENsK+AxIDI8MbwkRDBUKIBBBD3ETMRBtDk0NmQzNC98G1wZcFuQRgAd4DOwOZg4ZD8kW8hHwE5UQoglZE0IJRwxIDL8NxQsOC6AOuAymCwIHAQ74C7gO/xdeEJoOXQmxGfEJ4wa9EsQUDg8RGYEKrgxjCl4GuRNPC98LZRI+EDYOYwtFCj8MgAsLFhIJ7QsnC1ALhA6cCkgQDg1VDewRMAupCYwRzg/3CXwPZg1IC4kPLwrLDmoLmArOC/gS5BQMCdoOyxKpDq0S5w3xDhgOiQtcDSQS3BKFDFgMPg5dCl4GSRchIggIZAr4DW8SGQ1FCvcOSAuhEmIR2xHCEI8M2AnqEvML0Q2pC8ULBwd2G7kMFRE+Ep0Y1QRhC1ENXxGRChISbAq3DPUJsQ4yEgYMMg0ACA4K/weWC2YKaBFaE8oJrAjZDyEPxwyqCMYNDBBbDJkHKRj3CtsSZQ+YDUAFhQwYF58HTRDhBuEPuBDRDx4OwwiCEK8JZwk5C20KrxtODSYSMxUWEpkM2A7LB5gHrQ6gDi4eQg/JCFMK2AwoDJcWBQquDcYSyRK8DcsKhRQmEMQK6Rn0Do0NhwlWCikJjQ51DIMKyhO5BQIJKAdsF5YLRwj9DrcJZgogESMMMA2hDnAMHBJmBZ8Otg2vDNgKpBMmDggM2A+nCSkQ5Q+xCfQGzwtrDpkHtQ+/EUkRwQhSCHcKqw8LCqEJ2xK7CJ4QpQwPE2AM/g7hDcsYdQ02CncQSRDHD9wHbg+QCKgQswl+El8IDhJQCDQZEgrADggIMxuyDlUJ+wc5Cs4nchKWHJkRfg06CHULPg++DM8L1hQEGEcQKA7qFGMT/A0LChgJww9/CUoVbQuMCggP/w2PENIJoRFhCXkR3gkzCv4YMxVsEBUOOxIRCTISqBAmDrUMiRLmCv4LigkPEH4IFwdQEsMNDBKaE9sNNwnUClcNpxDLFhoWaweZFQMPVQlLFmgXtwxcDxUPwRhVDTwS3QuxDZoOcw0kC/geSwo1C74I2Aw/Dw0NJxKYCzYRdxNhC0ATlgyNCuwOzgxSDuoK9Qm2HDULTAiEC0ochAqJCSsXyw+JDjIOzQgrFc8L7A28D5IJ6w0sFCUN5grGDnkP/xIDDvAXvw4HDIIOVwy0EK0JjQcaCuUQgBEUD2wTbAzhBVIhYRD4Dp0QjAufDHELpgjoDpUN4A+SCMMKMQttE68NegwdEfoPMQnJEFwOwgy3Dq0ODQobCQQKngjjBikMCQvYEG8aGyERERwVDwlHE4UOwAlXEREQ0BJkF5IJbhaxC3ERewsICsMQcRAsCgALmwx/EdgKTgw9DMUQGg3jFZwLHhGlEasQvgihDCoJJQdAHxoNExI1DloPqRGVCfkPPxUdCRwIMxiDDcQKyhAJFMQSbgs0GIEL/w3IFhASlgyeDycMNAj/BgoMNRShG3MNVgeTED0NJBG6EYQOGxAVElsPMg3xE+gJAAyjDMIPRwjDCo8JwggVB6EXpQ27DJ4K1w/iDKsGHBB+BzwNlwkQBiMM7QfuCjEGhwu7CZMMkwuGDigTMx9uEXQLZgiSB+wJEQUsEEMW8hUtCZEP+QsMDkAU7AgJCToPZQ7dCd4Lkgk6EmEVqAxsDqYO7wqwDYEMlBDvDP8WBQovDX0TNgvDEGQOtRD2D9EQWAvqEbQN6Ar/C9ESgxCaG9kQ4ghSHW0M7RC6CRMPOhMPD+UR0BsNCQgKoBGMDH4SpRN/DSMP6Qx1D2gIoxPnE2wOvhFmDtgPkgjkDK0KGg1EE/wNNAmgDFAP/BR1B3IWzAyeDgULggo4CcEPDgpjDlUPnQrLCwgRLR1OC34I8BudE94JZQkgCw4RZBE2Ep8HAxMkDB4L3xEmGsgOMxhJCmUNyQmaEKYXsQfkDKcLPRIDDXgI0gocETMOpw84CScJcwmwD9oKdw0wChENBhvRGzoOLBVADIIPngn1Ck8N1hHfDXUK9wxhClYQDQriDacT6xOYI9sSARoiDC4MxQpbC08R1QufCDwKwxAvEAkV4xERC0UKXglmDMQF5Q5vCncSAhf8C3ELQA1NEd8K1wzLCeALyA7/CxMS4QzOEccQrgeGDy8L1QwaDwcGxgsnCVkPFyHYCF4L9g3TCmgOcQSwBvwKDQxSD/kORwtOC7QO0BKVCnIX9A5UClsQfAwvC1gRHQm+CtgRDQqLDwkSEQqMCTUNWBGRDYAT7w+EDIALZgm0CJEKuQl0BmIR8gxKCzESiwh5CjwQow4kC+YLLQm1DcwO9xTlGWALpwRPDYIHww4iDzcLmwtrCj4QaxxLERUL2Qu6E+gJaQq4DEkZcghfC3oH+QeaC5YFgQ2+CJUIsRFsB6AUYwlnDYkG6gsvDTcMSgjUEz4f8xH/DqYRFxBKCFQQAw70CPENgwYSD/0MLRX7C5YPbgZeC0UKAgwXCgIPRROWEKwVlxH2ClMGDw17C2sK0BYEDa4RuAtOB9EUsA5GCB8OYQ+JDBgM4Q9tCQ0MURQbD+wKdQ12CWsGXRE3Eh4Kww+nFD8MYglkGQgPWgpYDtUKEgp0INkNUhyFBZUMexLGGm4JTA0bEakLKQyWCW4MGRfaB6wPkA1/EpUSEw2tDg0UOBgoDk8WNghkEfgL6AxkDuoSZRMuCY8MHQlOCWsL3w3oEjgJWwxaET8ROg1mEhcIFBF1DM4KtA22Fr0L4Q63BIgN1RWrBw4LWAwXDaMWuwgTCm0KGwzSFq0H8Bj/DqUSqQvfFCwOOQm1DQsMAg+FD5ENzAuQEdINPw9IDTgQchKKC3AVPRedCmwTEg37Ec0RyBQzDV4SvRJ6B3wKIg6UCv0L3BFrDA8PihChDRkNzgzCCVUSaxSpChgQPQ4mBwMROgwuECYL4g0JIhIIxRE+DFMJIQeuDtsJwwgRCOwK0hVlDtMYKAsbCTEIrBTVECwMBgvPBhwN8g+SDYUP4A5JD7UPag1/E1MTtgtQDLIJKRLUFG4MEwtXCKoR5QlECk8JBQq4EccMlQugDZoHEQvUCGsFog0gEB8Quwj8DbsO5AzYC1oQFRhDB4oOngqQCxgU0QZ4D+0UzwgJEE0Mdg8NCYMGPBQ0CcAMNhATCxsMuA/YC3wLMRjLCscIHAl+C+cR7w23CCULUwuJGN4NtBDqEY0MUxNWCZIQ5RKEDBwRMg9SDU8RYwzQECgJYA0yCTkUJQujB3cNlRGtC8EO3AsRFb8LBgxpDJgGOAnIBzwMvwzZCbkLnBSCD6oKBQsAClUJAQu1CZkL3Q21CEQIZBCmD4MOYA6ZDZgOYw4qEUYYSAhtDD0cCQ4qCjoGuhGvCT8NXBFSCt0Q3gkKDgoLtQYfFPESRAo6DksTUgsNEPMHbhJ8DhIGigiuB9YQkwidGUUQyRZOCToIPwh1CxkQjQqSCtYLSQyJDWEQYg5dEH8TpApsCzMKAAhFDk8K7g2gBt4Q3wu9FFgOWwgCDLsPXQuFE7QMXgUPF3USzgVSDWwOkwqAFXUNEwoSEUYIIQYXFM0MCgwiCToMlw6wErcP+BRHDWkQNAokDNkNwgm1B3cPWQ+8C08I1RHoC+QJrQ4DD4YLmAvfHpQLbxP6DGISOxINDTAOfwrbDuYLzQqmGC0OHQ2fEZcKexquBZAIzQ3GDLAKaQzUEJkYjQsBDlQOWRdZDEwKwQr6EnMVkBEBEEMMxgvvDXwJEQ0sEasMEBJOFxcR5AypCtkJAgbsD88Kzg1UD1oHOhKwFCEOnAzoGeoMGg10B8IR9BXbE7UKfBLsBjwMNxD3CpgSMwZADF0O4QzoDW0VkgwYCaoLUgunCa8J+gqUCukQKAprC7wKOgzvDloL0hIPCzgNtAuQDfINrRHQCm4NTgmuDAQRqxP/CBsTgA7+D4gLEAdsDhgOuw07DnQNDQcVEWsM2hYjDRcKFRBzDasHcA8QEe4OtwiUDtUO3A7bErsKzA7tEbMNUgs4FJsMQQ8eDEMG5xG7CbgFEwzLDx0W3Al2BX8UMQtyD6AMuAXtDGAJJw2SHU4NrgksClchsAlgDMoP6Q04DMkLLhDpDbgTgAtqCVERPw+xC7gSjA94BOgHexxxDl8INhGpDUcOrgvQC60QQxQ8CegKWg/3DEUKgg5OCDEKuhJrD/AHkAqUCe0HsxHtDsAKGRAxDYsKzBVbCVQOYAy0Cu4H2w9ID8wQ+AnODasKuAz2CYsH6A4vDBsJoQ+ZDNMM/Qs4DNkQgQt6DOkMnw5fEw8WrQvZDwcOkQuADaQHZQ3IC0UO6w+BDD4JeQwYC3ITOgr1ESYRBQziCUQTAg6UDwsLagkkCrQPrg3+EPYI5gueCoUJjQnZCekSMAmEEF8PCAvZCaIFgQ2CCxgMAxCZDTUL+xVrDvAHpAfdFZgKZQ5pFS0QCgxZBtYRug37Ec8J5gqjDJ0SdBdgDXQHig9BEIQRWhC/DLQNZg3RGm8JmQdsEeAIHRApDfkMPRAnEiAJTQpgC9EPtQsqDGQWqg29C/IEOAe2DIUJvAhmJ10KRAmwE6YMrQqTBy8VLg4jBwYKyxUDE8EQRQZKCB4L3QlBFUsH7wbxDfoNGQmfDaEMBBEZEFkG/ArKFlYPfhC3DJULIgsZC/gLdxXyE3QJuBKrDrEKuhXtCLAGXAXMEX8WLwi+C6IasAppDeYO9RfEFOMPLRqmDGgHcwpECZMWSA0FFUMV2xuRDG8KJQ0KCgYMEwzzChkUjRAPCE4M/wvQD3cOaQqnEXweqghcENMWwAfACVcPGRGFFRAWGAr0BoUJ6QyqC9oOuQ1HD2sWMw9xCloSfQXVEqcL3RfWDGcTjQsLELQQFRBrFWMVhAs0CHYVGBSYDZMRTRJhHQwKGQ4CC3QMPBvrFDMKmRPkDLQI2glvFxIPhQlrDOUHuAU/EqUO/Q5IBq0LlgkJEHUIFQ/pCRgIQhfcCEQIkhSZDjMP7xTICUQMGRG+Gz8Y4gtoDAgMlBDZCVcRKw67FVgHQAnBEiQN1A7aDicMMgfcCqYOkhn+C6EOwQp3DvENpwuHC2kUUw8+D5cSERB8DOIS3BbCCbcM6wmfDCIKYQugDOgYZgj9EXkNWgsOCskOWQ64D7gZPAtsC+ANIA3vCskHbAv1FhwIAAtUDLsU6AnNFCgU0QtMFXEN5g2bDSIMfgilDWENnQxDD3sOTgtdCv4JFwxpDvsI0AdTCsUQzRFFEF8QhwyJCcgQRgtxDZQMAQpuEc8K1A27DtAWZBYpC+IL7xPYBzwYnQ86EBwLdhGoCDAMCBcxC34GAxO0DgQS/hCSDK0NFgv5DtEPIwrbDPMQBxGEDm4NLAuDBskIygm6DSEPugiyEZQdnxS+EMYHmQwwDgAP6A71C0gOVwtfDGAQlAkoFLwNmgx+DK4RRhBqC1YkoAg8DDUPwxJvBbkRBRY+DN8LvxJeCU4OEBStESgRcxGnC6kQKA/PDYoRUBahCk0LTBb7CXYOKwu4D7AOsQ1PDFMKygYkDm4MQAxnEgEQFROvDNoQfQwkDQsLHBAxCkAL8xFWDOoLkhtBCzIPdgr+Ee4JJA8WCC4UWRQHCUsSuQOZCW8GPgtMDd0NLwyGDUYVRgqKEcgKug91DPMLRRVZC9UP4glUCCYJMQjICG8QgAzkBvUOuBAkCiYTuwnUD5kEEQsCE6YFlxSkDDsF6hDUDqgGDAuVDpAHsBIHCvgN8RrRCZ8N8wlNHTQLeQ0+DCcOBg8vDL4NCRHWCFkMWBbhGaUMtQnlFeERJw2/DiINDQmQDRAPzQzMDesZmAqSC6YMJRQGDwUKDQ1cE/kNegraCw4MuwzRDaQJfg8LCtIIqQWnCisHhw0gFUoUEwgwCSwVjA5nEBYM/w0SCPQK7w5TCKoNIgq3DcYNYxalCvQQIg96F/YJNwvBDg4RVwluBkkPiyDKEE4ajwigEUERiAwfCXsHZRGwE78L8QxTFHQN5g0cELcNUgcnCz4OrgpPCAgJ3RFxDh4L8Aq6EIkHJAlPCUcL9AiDDgcOyQfxF08WCQhmEE0K/BqECl4LYA1qGCcL6whFCkML5ApXCfgJHQydC7IHiw96ESwLDRGIDsMU6xHGDSEKRA8xEfoGmxExEesMtgguDbANZA+xEJcJCw+THOsLsw3kDjkQmxDrDDgIzBIQErQNvwtNEfcFZxGlFWkPowq7CsEKvQ/eCvgKsw3vEkIMaQohDDELFhaeDRMPkA5GCSINigzFDU8LNg6hDQgN5BCpEIkUPwzQBxYShQZoDakQnAWYFMsMsgzMCrMMpwlNGTYH8wZbBTwMNhCYCcgKyQ6TChwUVhFEERMXuQztDzsJlAx+DUoYmBERDXcRuRNnH5YKlQ3iCPoMRg96EcMKNRTAGNwOWxvVDCETvwnqDpAHDAx2CIwJDhRgDn0k/w5dCGwN6Av0CdYYYRRjCOYMgB9XCBwQ/wqLCo4MOAytCX0TAw7YExwWAwnVDcENaAkGFuEN/AiIDicTrgvCDFYNowtxC3IOtwmFDNQQjQr0CbwSbAtkFIMQPA6BCzgJHw7ICk0NEBVfD70L/g5CEgEJHhNYBEUJzxP4CLQMyQ21DjYSXRmLCg0Q9w7qFIMNhBH7DRkSeRBCC6wSIBItBqwN4QuGDd4ImAc2CUMKfAVECIcMQRfWDFcQcxLjCjkMowu2F/cKVhKfDroQ2xJhFakaZAsDD9YSxRCODzISTxRuCrEL9QeSD1EJNBZACNwLyAnkC6YIfw8VCl8GNgikC8QV9hLhBl0JSw4ZEBMdjhO5D1wKbA+WEbgNjhXhDI0NQQw5E6wGoAzID3MHpQxLEhsK/Ao0CiEPTg4eDfkHeQ4vEfYUNQjlDf4INxxgCwAVcxRICWMK+wkIEnkGHQlxE+IKfhOBBusCjQ+YDaUJ5RQXCx0asQoBCtIIPBDND3MQ+wv7DjMRPQzqCEoLngVaECULLwwGC9gMvAgRCzoPRQ+OCQAOFAgdEmkMkQsGD7UPxgqgD2IO4Ak4E6oKhQnYCUcQKgzREdUL/Q5vElsNkhD2DToM2wmUB1YJMAqJCPwQzxLjCNAKyA96ClMNKAstEEoFdg+wBnoFfxBKC38RDw/gC1gNnAkdF2ULAxU+C34PEQx7CoAKzhaGGccajRcVCvAYNg0uCjEOAwoaGAYNnAsBE7ATTBjKEt0ZQhCnGA4PDRAXDdEMGholFkINUgsEDJYI8wsIBzQPRwnJCrQJhxEzB9wLywc1DVIKhQz4Dl8PahGoC40MNQ4iBU0JlA58Hj8JTQ5VCasLIxCLDg0MvQqtDwcXpR3ZDMkJIwtiD2cSEQqnB+wLvhHNCbMLcwtoDewOLBIsDxYKXQ01Ef0WOA7HFMUI3gpJFkwJHA7nB74KeBJrCzMK5g6hD5sMHw/DE7cSGQtyExsIoRDYDOETtA4hCGYOHwm7DsIO6wyJEPsIpwycFhEO3gvmGKEOmBLgEswPRBSsC0gJpQ+4FJoPpAgtE0gKLwlJIj4OAwkkDWcRDQwyCHYJrQtoCw4aRQo/EhIQzQmnF1kPTAnZEAoSVAe+C18JSxf9DdQJQQr1HE8PSQh/EKwM8RVhEOYX2BMeC28K2A78BxkL0hhDDxwMGw00EooKTQZRC1MNmhl5DQsKoQuPDGYRHw1eGrwOphoqD4QN5gwsBq0LMhYREeAMnQ8tCLAINwy5Bh0TGwv0CfQIxQ3uDgoM1RJ7CaEEeQlCEnwJ8QYuD8YIRA5xC+kLMweeCu0OiBBsFl0SFBLQBsYJWA10BU0MuAg4D5wQVgzADVsUuxRMCDIL/xHbBWEFFA9AFNIJGgusECQSHAvHCdQNrg+SD/AUGBVPDkAQ8QluC2EGJAdmEfcMSRZsFZoScg65EC0NvA0/Co4LNwloEKQHlQ4DCKAIwhKuDDUO1RLKE8wVAgclE80LvQhiCaEPigskDPoOuAdaD4cJ2QjMDrQL4wy3B2UG7hAoDGsbsQ52DV4NmhlJHNQN8gnSCTYQ8wX3DKgFAwYxCqsaeRTTE00L3Q9pFGML1AiuFg8J5gvtDAcJ1hAICEgOpQxUCGcKZAo7IWARqg8yDaAJyAZzFG8JYQ3/BoQNHArVEQsR5wvlClgLrQdmC0EGLwvPDOAXiRIQEEsIogrnCkYO6goyEdEYvBFrDzQPQRMwBBIPygq7CAAP4xQLDLcI/AerCjgTPhR7Cy8SHQovCuEKqw6jDa0ogAmIC9kKQQzMFaoT6gtuCFcRMBZkGLkL0w/iCvQMjBSKCUEPSCHLDnASORKJEmQOLAgpE8wN+gvwGrEVcA2xCqcHWhS+CngP2xNwD6wIqBGwFNsM7welEZgLdg1CCMoH9QYOD0AOyw/tDHkQ4g71Cx4P1gc/CyIQpxUGC3gPUgdbC4cUrwoiD+IOPAuaCe8KzApjBqQIbg5wEa4OgwyNDWcQCBRwE6USYwgMDXwM/gwsCrgNNgkjCukHnAucCw4LQRPQEbUIlBQgDbcMGBHkCz8IGRiJBiYcJg+YB2wP5wfzCfcT5QjmDL8KRBRqCiEQtQuyEc8NvQxmEasJOw3wDqEH8QXFBgUSuwgGEu0SHhX1Do8HjA6EEDIRsAjIIfQHyQpwCEoTfA8eDGcNIBHKDv8IOQ07B3kLghVNDYgQzBZHDD0Q0xKTICkIOhwDDBsOixemCIwJNgv2DY4FvArECQ8QCAo0Cl4OLgYBFhAPmwt0EQ0KhBcBC74XXwmgG4gIYwxfENgMmxSuFGgIeA26D6YIBBNwCjkRRBKKCFsLERHAE6gXKhS+HYcRnQ0CBx4LEg5+CioQdAeZCm0Ucg+7Cq0JPxPKCtIL6QnKBq8LogjtC7gOXw6oEfIL1gf4Db8Z6BPrCgQI5A4vDBkIMg7aCU4RWw9zD2kNXBQRDbALMgraCSEKjwqXD44kDBapCOEG8A7QDB4IBArqCrQW6xHZDN4NeRRUB04KDwz1FsIMUAqXCiAK9Q6tCpMKHAp6C1UKIQmoC40RJBiJHIIOGxGwDAEOdQvnCsIMfwwnEIAW0xmrD0kPtAg1DtcGNwiNCosFsw31CxwSjwfMC8QMSgotCREPQQudCZUL6QgiDUQO+AtsEnQIIAz8CXoOswlVDPIRsQfQEasMLgxbDZYZnAcEChko3g3fD/QNhBVID9wPDBNgDRcNMA1gC48N1w2cCwES8Q7SCkAPBwzxFO0GOQwaD8gaoxuFBxYJewubD8YTmh89DyAJJw0GDBQHyQxCDiYL3BMDFPAM6A3KFEoR0wn8DHsYiAk5DUwK2xKwB10MgBRyEB0VBxhEGg8JohbZCdwPLR7RBVkIpQz7D1IW5wlTDIkP4wZNCsINMRO+FKkPlRFzEgwJTQ++D1oNvA7bCewREg36ETMIehCgC6EN9g49CWkKnBtwDC8MUwvCDTQMOxNQC7ALuxDHCNUGswjxDq8L1w75CDYLFgpZDCANNRJIDr0KfgsgDigHOBL4Dc0KihAzCvoQXxThClMKhhZ0BxgZOQbWDowMawobGncWmgoYCbQKyQpVC0EQIhBgFyILkg2hCHoM0hwRB+oHqw2gDfEJtw6WFo8MQg9iFIgUsApbEN0TPg1/DO4KkhbsCRUMIg26DCsJUQtGF50KvAxpC/oQ2w8aHLAO9w62DaYIkQoADcoLTxEiCPQFpApDCngOKgkXC7sMRQiiDXcLZQk4EzQMhRA/DqsSrgpPEAwP7hbOCzYLmxAGCecIxQ5sDKwdbgoUBlUFtxRrDKoW3Q+5D5kSxwmBDvEH9wjmB70KbQzzCgALNhXiCTwN6wozDf4NFBAAEBQJVg37CI4QHwwiEQkMuRZnGvUPIwlYDi8QuRJ5DMwK3AwPC8wKUwo3GOoLXQwnDt4OCg9tFKIIGAmXCcUIvhMHD9MVVAeADAQK2gthCqUMVBkXCPUd1gmZCuUO9BDwCecKLA/yGdEUMQgxDngNFBClE0MQhRCFJTULrRMkCvQPXQc1EBcMgAwpCqoN7Q+bDaMV3wdKIi4LFwtZEVsRswngCeoQHg8jC6sDfBAcChgHeAlbDPUTZwzuCksLWRGqCowRuAoWEi8MIRL3CYgQJw2kCfQUOQlKCbYO+xK1F10VjgkjFKEOHgy2DVMNwQS6Ep0S6QvIDywL9Q7iFNgJqQ0wIbIIYwv5DDcR+gaLCuYRQxETD3kK1A6uCnkVegV0DL4HOQztClESUA2hCCgLRgzjDFYKXAttDI8LgQwPB8YaTBLqCb8Q+AqxDAMPAQwLDMgM9gsJFE8GgRKIEH4N+xDMDL8QLwkYD0URbRA0EKEMeBajB1YPFhL5EAkKlgxlDPQG4QxdDPQNkBTVBygILg6mD+URUAeqCIMRiQquCtALiA7eC0kQTRdEDJ0LtAweCAEHVA6YD28TwwaCCEIdMwr6C+sdnAc",
          "errors": [],
          "other_outputs": {},
          "outputs": {
            "DEFAULT": [
              "buck-out/v2/gen/root/<HASH>/subdir/__rule__/out.txt"
            ]
          },
          "success": "SUCCESS"
        }
      },
      "configured_graph_size": 1,
      "errors": [],
      "other_outputs": {},
      "outputs": {
        "DEFAULT": [
          "buck-out/v2/gen/root/<HASH>/subdir/__rule__/out.txt"
        ]
      },
      "success": "SUCCESS"
    }
  },
  "strings": {},
  "success": true,
  "truncated": false
}
