# This file is @generated, regenerate by re-running test with `-- --env BUCK2_UPDATE_GOLDEN=1` appended to the test command

{
  "failures": {},
  "results": {
    "root//:dir1": {
      "configured": {
        "<unspecified>": {
          "configured_graph_size": 1,
          "errors": [],
          "other_outputs": {},
          "outputs": {
            "DEFAULT": [
              "buck-out/v2/gen/root/<HASH>/__dir1__/out"
            ]
          },
          "success": "SUCCESS"
        }
      },
      "configured_graph_size": 1,
      "errors": [],
      "other_outputs": {},
      "outputs": {
        "DEFAULT": [
          "buck-out/v2/gen/root/<HASH>/__dir1__/out"
        ]
      },
      "success": "SUCCESS"
    },
    "root//:rule1": {
      "configured": {
        "<unspecified>": {
          "configured_graph_size": 2,
          "errors": [],
          "other_outputs": {},
          "outputs": {
            "DEFAULT": [
              "buck-out/v2/gen/root/<HASH>/__rule1__/out.txt"
            ]
          },
          "success": "SUCCESS"
        }
      },
      "configured_graph_size": 2,
      "errors": [],
      "other_outputs": {},
      "outputs": {
        "DEFAULT": [
          "buck-out/v2/gen/root/<HASH>/__rule1__/out.txt"
        ]
      },
      "success": "SUCCESS"
    },
    "root//subdir:rule": {
      "configured": {
        "<unspecified>": {
          "configured_graph_size": 1,
          "errors": [],
          "other_outputs": {},
          "outputs": {
            "DEFAULT": [
              "buck-out/v2/gen/root/<HASH>/subdir/__rule__/out.txt"
            ]
          },
          "success": "SUCCESS"
        }
      },
      "configured_graph_size": 1,
      "errors": [],
      "other_outputs": {},
      "outputs": {
        "DEFAULT": [
          "buck-out/v2/gen/root/<HASH>/subdir/__rule__/out.txt"
        ]
      },
      "success": "SUCCESS"
    }
  },
  "strings": {},
  "success": true,
  "total_configured_graph_sketch": "V1:UA1+G3UR9hGnFDoPzQ2KGgUVKBJJDz0RnBikEasOuxbHEK0ezBFSDwQRFQ08FUoR8BdvEfoVRA/1CuUYuw1iD3EUUiIrFCgS+BqYD/QSsglzFfMgPw/PH0MT3RJjEUMSBhdYF6QQ1Ax8EBgXHhsGEMIP8xPZEMoRRxpiDmcbPxQCDCwRgBPoGu4XGRYEGl4OCQ80E4kNeg0EE1oY6Q8YE/oRTRSdEQwUmBF7EUoKoBSNE0gNYBFYGH0O1BL+IjYNKw4TEUARAQy8EcwOLBUfD/8PiBbZEKkVJBBtFQUVeBAwGLAY8wxNDS4TPxRZFvQVuxpnEPMRaBK+En0NQRKODp0OeRFEEZIMQRAVEQ0Pixv9F/ILpBCfGHESHxMjE+UUjw80DwUPKw5/FF8cShB8FZoTVRHIEkYT+g/cExoK4hDYEagSmhABFu4YhBE5J0QQWBmEDz8TOgzXDtkOag5gErUTiQ3LEdcWrxCvEqMWHxb9DXoMcxWeDEkQTRBLDj8W8RIJE1UOug9UE4MXmhmUFOAVwBPPCqIOLRLfFGQSzBUtFSwNhBofEeQSERxKFoQO4hNjHiYU8g/gEN0VLx0REA0cvBazFrURQRzfGVgT/x1wEqsXFBWEC6wW8xl/EEAfqBEnEkINKROKFwAPNRWcEQobVhBsGdwjPxCFGYIKohm9FtoNMBPuDZsQRxVGFC4Ozw6SGLMWMhW/D4weagtfD4oO9xDiEMwcRBFbEB0QEAxAFugW8xAKESwdzA6KGhkTmgyCGIQUPxGYEMMRiQ+YDd4U/RCpEukLUg4rFsEVuxBqEpIStBPcEmwQhRAGEasQEA6iDMMcZBPZCUcRWxHbFFUU9hNQFiQWMg94FmQNGyBGHcoRAxehDUMT5hOnFaQRwA3WEEQNuA+tHa0UoBFKEtgUSRB8FXgZfRAnEFsSrxXoDmUQ2w9cFBkQ6BG2EWMPPhMmEQER+RIpFlkXwhSeF24Ybxl4DDcPbhMyHJMOrBARDn0QJBffD4cQ9w0eFZkeyA8+EuQSfQ2nDjsV2AyzErkM7xM6GlIo7RyyD9AaghApEXkS7hmuFJMX/RGyFWUM8xWHETMbkwxSGSsOmg+qDVwPfRfZDlwXwhHTGbkZSxkMF2UZ2xDWGOYa6A5fEc0UIBVaEmgT7RL2FOkclBfxDhgWpxFcFGUTGRf8EAMTYQmGIe8QShYUDgkcYRBHFvUp8Q+WFm8VcRA4DooPURF/E/8NUxW3EvYPXxRJDyAT2QwqEFIRug2MGQ8PmA8qETcXcRlOEKUSmB3CEMUPQxIQEQsNhQzdGDsYVhG5ETcPxRZWEawOlA2ZD+sNyhRPDPoRwQ9dD0MV9w3yEv8U/xmGEwYRPBbJIxoQHRKkEE0PuyCLFIYSzBApDogQExPhHHsOvxNAFCchkQ98C60dfxE1E18N5BYQGTQS/BHNFmwQjhuXE5wMKhByGcsQ/h1fD0YPOBC1DqwQtxKaD8wVFg4+C4UPjBqdCjMXdxHjGk0SGQ6cEZQYTRjjDpAhbiMUFCUXuxsZFXMUcx10Ei4WZw3kFLcdPhGUC6wRjhL6FF0TyRCrD2YUhhFhFZANbhNCFvUOAxmYEBAXSBJrD7MR4xJZEToVcA2yD1kYcg4GEgUSChKHDkwUdxRFD3cdlhGSEGoRFwwqE9oVgA9gDLgRCxKOFsIVHRO2G90P9BtxEAIhHhtkD3ofvBZxIoQS0RmYHFYf3A2UECYUhxD/CnIWzxApDb0PKw/mDh4WNRFnHWMSmRBwI3wQ3xpSFbQYQRQsDwAYXg+vEqwQdg7sEe4XEhMAG5cZmhF8FnINAh8fGdkW3RYbDHERNhIBDOEYIBCqDt4T1hDMFgQYKxbKGhMNDhklErUOMhwVDxEQehJwD3ETtRh+DAwSNRDNECsWnxGkFFUOhRJ0FAkZ+BKYEEMQLgnSEBQVtg52DmAT9RMnD7QPbxaMFq8QCRgnDlEaNBqdFOYaABI6EZoOGhfHDvEUYRazGg4YbRfqF9wNvxenEl8NxRGrEfIPbw0WDw8Mmh/DET8YnBPyFtcYvROCEbcR7CZAFlQgtx8JGbcSTRCWEK4ZFCDeFBoSHR1iF00NjBNjIUgQ1xNQEDwNwRDKFhAX4BXND/sU6BBNGhMQAxF4GI8QfxcKDhYRcBXBFFsPJRAoExASPh27Es8UDRPmFV4PGhOdFU8RsRMUHIsOMBMADzYeWw+xEDUKkg/nEmgL0A06FZMQ6g4mG7cNHw4TDuwXDREZGdYUjBFkFGkZPhttFkcS6hQUEvsRFRX+DVQQTBFxFF8Qgg5bEDkTsRZsDZoSrh2IE/wSxhRHEmsX7BTMEMwR6hYpFAQP0RT/DAoOaxMRFUkPkA5cGVgVoxqEEtcXxxGKEQwRfRAJFyMT4xEjHOIapwqhFrMSBRKVE3MP+xa6Fe4VER1PELkUTBLFD+sVdRLcE5wKFxRTGwwXgBKgEjMR/QzuDr8P8AuGD4oNrxiDH24U5RLCEHQTrhKHC6AXphJqCwAZEAppFmoQGA+iC/Ar4RKmEw8PXQ61G+kimxShIiIUIRQHE8kO3hC8FQkRbxK6FD8QsQ1lFugUNhX/HDQb1hLXGeEOWg3UEoQTDRDVE4IQBQ7ODK8UYAs7EFgRXR3KFkoR1xcUE1YVxQqEFWUQRRngGrAUlg4tEU8RORBlEXgOQxnHEbEORQ/JFE0VwRT3Ej0bKBMhGncT6xH4EYQbER1wEvYORw1HErcQ7hFdEPcOeBWkEsoZ1yKNIlMNGRM6DWwPhhHMGVsPoA5kFiUORhU+F5ATdQ3DEr4Y8g9aG/kOAw8IFtASIxP5DXcPtxGLEYER3SHfDLgUPxHhD7saXxYwHEgMlRolFUcOyBc9EtwWLhQ7FlwTNxNrE0ETuhglDpAPERmuE8kStBqJGmcPJRCaCyQMBxy3FiIWxg+8DyYPzhD9F+oVcxvUDwscfRNMEHYmTBVLFrUXZQ5ZDzcSDxXoDxwVRhJ0D+Mb3xP2G2QWnBDWGFEPSxJ1DqoPShDjEz0VSRjvEUAVaxPSE9YUOBlkECUNbRjaHdAXbBRMFh4V4BASDyQQLxOXDq4ZIA5CDaUSghOmFgISzBDzDakWcRZOEAgQphZZF0kOTQ7pEycY/Q7JFCAPxAksHtcU5g/BEQgRIBGXFK0SpRJNJGMQNR8jD+kY2BYVFqgSsRA1JXce6QzRHWYRCxn4GQYQEBLlD/sRsxOUDdIVdA6aDVYPFhbBF5AaFQ0ODWkkoA5jER0avxV4HlQRUhDfEAobSRaODxYP+REkF8YKmw2VE8wOuhuiD00PpRdKDMsSIA7dGJQMqRWJDwsKbhJJEUQQfRenEuQOLhMJGNEYdRYCEFMU9RXpDIsOJRFuEDcSvRncEy4TQA24E6MSWxa8ES4TABp5DggVSQ4pEiINww6EF9IYFxUcFzoUYhWuEZYPqw1hEkMRhxR9D0kQCw3bDdEeoxX0D1YN1R/mF1Uc/xUeJVsVGxO7EhkPyxcqDi8WCxVbF3AadBJLEDoduhBmD+wV+wypENUR8RaMEcQULRCRFKATdxSgFFkPUhJGEHgUIBHDF3gMCxuVEPQcThMPDu4Pfh3JDQkMVBUmEZ4V6BK9EKUTEBRvDgsQshD7HLMS9A/iFq8MlQkyFfUb/BFREdEQPRLMDlURmhW/FtkbERXEDlgWGhL+EwIW4g9BFW0QNSJkEVkRDw8vFf4Q0RxTHnQTbhrNE0ccWxUqFfcWeRBxEjMQ0AyYDrgUkw9yCxERfxGKEvgRxBPFCa8VphL3D1EPKBVyF4wQMhOLIEgL0guiHVwQZxKRG9YVWhSWE7AUMBJPD9gWIBHsED4RdhNbEKsQmBVDEcgXsxMrEmIShwxiFXoMdxTaDWwSgxZxFaIS1RMXD9cVFBSLGZgP5Q9qFR8SsBnlFzoVABeeGaIMXBBWEiEPHRCjEtkKmxYrDcAY0hWKEpAakwqEEJkTARg5Ei8RYA7VEGUQjg4ZFMUP1A1xHdAbFw8yDJMUYReZGqUfQBcVD7IVbBR1DjATag1PGhcS1g4fFNESPgw/Eu8QXg9YGVQd3QzPF6omeg/FFowMVhbsELIQrhVtDa8ODBKVDVsX/RB4DsYQEhH/D6QZVxKSC6UORg2rD0URHx4DF6ceSBBiDJgQSg4VFgwOVBmlE08RKQz3EKcPMhOiF04WFRMcFS8T9RZ7E2oNMxwaEh8Vbhf1Dl4PBxUFEPYTIhq/EbUWiRY7EVYP0xM0Dx8XeQ/nEw4ZbRlkD3objBdcGAASVw8aEY8RmBHoC/sNiA7lEE0Q3Q69EbkWoQ3pEVoYrRGIExUXRBViDjkXPBbxHHkV7A0sFp4QARF4D1ITlQ7GEi0Olg2mG7gUhBZbFf4M+xFbFykT9RlrEcQSLxMLEdAdpRgKD/wapxb7EcQU/w61Fq0gDBRnFSYUdAwUD08YDxZpD0wWTRWsFRQUcRGoEZYTlhJLGeUdZQ3PEM0YiRPFE2EfbxE+FNYOKhOHF0YPjg8FInEQYxZYEj8WlBCJFesN9xpYFdoOdiCoD88SKxSNC9ocUw1NFXwRUREcEFsRLw0GDkwRJhGrENwW/Qx7FPcUPBVwDs4OMRD1DYUQcRbIDJ4S+RV1FVwS0BEFEdcWwhExES4W8RPpFtoOpAyIEckVDxDrFOcL4AzfGEATaRTDDPMUHxEUDrUY/BMrDH4NZA0pFMsVihiIE+AV9RQ0ErsRhhIlH9wM9Az+GZcQVxemDmATlQ7QGWEMCSEiDngPcxVfF7ISNg7HGa8R9hWPDy8S6RNCDwAMbQ5WDT4N9BTHDWEMgROrFlkXoRh6D/4SABI5DcQezw+mECgT8B0wEeoObRBPDicfBiHSFcUUcwwLDwYUUxO4GvMa2RJKGfgPfA8gEXAS0xAIEIAWHA4CDnAV3xDvEPsORxQwDsESZBEnE5APvA+yC04UDhGYIOMLtw/8FfccdBHTHJkYnxwSFe0PEg7tGusQXxQSDgcVgQ/GEcsYkhqtDxIPEBUeETkSnhiOFeEQoBdeEaMU0A7zDzkNgRGmEIMP7BLVEnQdpw7BEksRdhEpDYETexWnEL4bTiFxF6IO8g51EwMNqBMsElIa2BDUHJwVpBXXEToWQAvZF5ETaxRUEyoRCw7cDzIXaRH7DfkTzQwbDpYUIRJqECkVWgxnDZkaGw8dFKoeTA40Eq8UsgjxECoRwhH5DO0PihQeEoAe7xWID1kPjA3OFrMQJxTAEt4aLRHCHowaDBGtII4TvQzVC3wSphNRFP4WOA/4HrsZ/BCIDe0SOBMiIP8O6hVRElMVsRS1DqoTGBQsDwsThReaGMYc+hbzEy8UtRAQDHIVlxAYE5ANHRXVEcoRXRN5FUwblBACD94QoSE6Ew8VSBHNCc4c5RUWDcUSvBIWEE4PcQwNHkAbZBBXEMcZKhCPEykhqxjjFMAUOAy3EzYRWBQLGI8PVBGMGYAOFxd9EeoaahqZEUIP7w96FOUS8BeaERIQiQ5TEnMX7A+yEUMQlRLsEJ0NzRUYDz8PZhvkFLcRtg0oE9wXpw/AFk0OWBhgEAUM1hGGDhsOmA1gEjUPYBX1GGUSExS9E0oOCRIJFKUQjw+UGB4RyxRkDFoQzA2ADXcRwQ0NFbQNrwzkIUcOgg3cGKQOlw6oEUQTwxuIKQ8RXA/0IY8SYBFEH94UCBfIE08fwST2EFoOXQ5QEu8OWhvIEjUZzxiMDJwNGhiKD9oNnwzeFvwWIBZjFPkTuw8JFN0RPRq/DW0MiRDsD4ILDRiLFBUURhlHEyYcwRFeEc4TGg14FZ8aIw2wELYSsQ3LFDsbqBBJDxsQbhIeD2MOwhOwGp4Xdg++DY0N/A6xFDMUCxqvDygWJxb8GGAQMw/gFE8TLw//FFQTvA6pE1MQxw7CD40N2RLtEDgQaQ+QGGgQRhCkD8Qe3RNNDZQWrg/HHRIcEw47FBgOoRvlE4UOkhMAES8S1BJIEk8aIw7zGOsRXh0HCTgPfhJwHDMRgxexD/sKUxGrGYoQnBGwEJMRdwvKE7YSMhKMEdcPiBR9DrYR2BV+C18XTBcMDIUXfQ2+FLUPcxJwEG4SwxucEiEYER/SEDANdxkuG9cWZRVDE4EbPR6xDNgNPw2tEaAehRYwFAAZpA7XFVUSVQxXFu0NfBGXDf0b2Az1FJkQyBOzGf8VuRR7ENkXIxKlEV4Uwg8hHvwRng5NEJ0QGxptFv8R4w+nFDAXNBGXHjwTyw+QEeMQAhdWD3YSsg++DY4SZBP8DuIQxBWxGEMPWRBlG1QRiQ10E+YLfxBXEzIRIxAoD9gU6hgDENIJyA2KEVET+xLIEYwP3AwaD14VqxWwD/kMlhheFmcKxRe0EhQPtQ54FjESJhKeDzsOShLWExMTpQ4IEK8NGReME1wYJBOTHvESKw0KFCMQMhj0HNwMrw5/FVoUOw7DFV0dCxysHPgPYx2cF88kHhVJEogL/BHvE5kMNRRGEp0S4RNzEQMNWhaOF1APxxUsEgsYlQ2HCrYYcxLwEbMXORQQFGIMiRGiE2cZixW4FHQODxAwEqQTMhi6DrsXORn7DXgR2xJfETESShC/FZEP7BjzFnENfhlRErMdXBXuD6oPFSGBEMoPShDTDNMMvhVMEvMOAhjvFo4ZUhDqEQsUtRQdEHoT3R5CE+gUBRA5EjAOrRBGHo8bVhR0DBsTURQEHQkSixLtEmMWIwv8C6gNjQ6oEUoZ7w6gGYgR6BBdFSsTwQtjFkESyxyREaENNhR8GJIXfxzQFZsSNBT9ECIVjhqpEsgQCw5yII8WfRUrHe8VZBL+F/oTFRHdEVITfxghEQ4N2xpJE3QU6g6HDvENdxCXEZkTYQ/KD7EbYhIaFY8OMhIuE1MPOA/HFiwPaRNeFNcNmg48D7QQeRbiEx0UCBySDr8avhP1DyATRQ75G1wRWxP4GgYSohMYEP8XjReFFBsZRhCrDOob7BE2FvoLdyKbD9wPQBFoFgIRHQ+XDyMT5xLgFn0YWRT/DI4NBg71FvsSHiLAEeATPww/FLYXwhE3FlUQ0B73D9kehw+qCqwLohEpFEgSOxzCFSoR4BrxGGEQSQ4DCxwUsBKnHLgXfhPyDjQRGRLqD24NJRRrDvARKQztJk8SIxLUGDwVcQ9BFfIW2Q4zEzMQMA80E4kWARDSDvYSwBcPE6EQJQ5EIBIUJxADEW0eMhflDgMRDBouEkoQXhALEzoNzw64EJITixE/EnoazwwiEWQR8gz4EWcRaRfDEtQWQBMCFR8UEQ9qEiQUnA97EhENsxIlFI8inw86FtQR4w+MFCEZjg9HDwcS3w4dHeQRgA2wF/UXyClqFt4W2hG0E0cRLg0nECEQYRiPDsMSVg9pDosTERVIFhwSKhONE/UPnRW6EAYP+BDvDhAO7hSMEZwPtRhyD7MN6A7vD08P2BJlF2ENrRaJGCwYKRF/EBYRrRMlHr8ORxGdELsZFBDZDP8MzxK6GiEQJhXOEUcTGRUWGMoWwBH8EiAS7BJHFm4TIA5XD3ARahFuEVEVrRT4EHkWXhAaEf8TQRPfDY4aaBQiFEEaUw9SEnAV9x5VEE4TeQ0yEM8U5hBdFSYRRRJdGJ0RwgzCEDARLhmLFX0N8xmrFBAYSRGODdsekg66Dg8YLQ8+ELYZ+w4oHHIRwAxaFvoXJB6EFpwStxEQDFQMnhTFGuIjzR0oITgWoRcREs4UUxMoDhgYSBPxEL0QNBBaEGYPzh1/E1gOLRO6FYwRrwyfEzocUxHOEagZuBx+GFwW6hT2D44RLBIiF0QZmBO0D/8U9QqWGdEXzQwWFNwStw+KEa0OlRqBEGkSEBjlCgARjw53EQ4X+gojE0QYqw5HD/MXpxEvF+cRdgzRDv4aeRNnE6sPERXhDqQPkxT3ELUX9g+7DY8SahAuE2URMxSiE2oTGhC1Gcwf6RD6HtQQlRFTDgEdxReeFQMbTxMLEisNKA7zDAsOUh0xEnAg7BHRFL8VzxI6D9YfqxKYGYIVcA72HmgeUhq6EVIOyRocHGcQ5hayEBwSrhT9GcwXxBIdEPcWyhlTELwViBdZD1oO4RGUDuMQXBJWGQwQJw1yFmMbBRjdE2oZMyJPFBARZRkYLecSMhmNDbsTAxWuEUQNVx8uGcUTpw3dFJgTNRM5FfQQ6xPOEDkOkgsTEV4c8hNLFxwXFRm3ESYTORQaEmQQAxoSEiATfh9GHq4VHhJwE9IOvQ3FEZ8OZhJIFR0QIw/zEC4VPxEzGKoP3g4wGmgQeBglEr0S5hdfGtIYwQvYE50LTBMPEOUMoBO2GVwQJAoFF2AZpQ+WGaQZvRNhGsARZxZ/EzEQ1hEtGkUVMxVyE8MVJBBTC0cUGBOHEHUSeRY8EGIRExWBFAUSTBYXEzMSohHJFv4N2xImE1IS5A/jGC8Y/xMPFQ8LrhluDJIP9hIwE6QWjQybHBQVAxONEuoR8xSnFQoddhBpEhUTyxawFN8T7xAqEn8bARACD/wVoBBPF34TGxC/FAcicxYmGfoXuRAmFosbAw7PEVkVWRaVIQ0ndh0oFh0OjxAGHtcVpREnDSoTKw1YE1QOvRcYGfEPlBCxDxQT5QwYCosTPRr4E7EU3BhCEaURjA/pE3UTNRjPEGwZ5RusDgYN4RFjET0UchI7G2MYKRnnFQYK5g9SE8sSihXmDuARThuNHw0R5xoTEkoP6BAoEaUQKw31FZIPZhWEFVwSzRsUFH4ScAudEE8NsBC5EFsc6RMeExYQwRgZEnIV8A2aEUwUkh9JHrwWng4OGCAXuxG/FYwa4xMjDusO6BEDFlIaHxHWDfAakg+mFEIMDh6kDnIODxMHDlIQJRIbHbkQjRfFGAUYhBVsDesa3Bk8FEkSGRnmFtMWrAwOEuoUsRBJE+gTNxbUDgkRzA29EhEKsQ9kDTYNERBeEAASwBM4FPAQBBolEMAREhDsF9Yd6w4mFe0mzhEFEnYSsRUQDWIXMQ4wE3sQqg0xEHkWABXnC1kPxhJAEagOFxLXEAUhyBRqECUUHByuFQYURw1/E68QbRJyEDQPhw//GrgP7QyKGBUYURakEEEXpBRgEGIOzwtNGM8TLAx1EpMOZhZjEtkZzBHpE7UQnRLBEiMUPhKeED8PEw07DwkTNQ2mEV4OORMjFQETpBBaF7QLECF4EnQb3xQcE4YVJBTEEIkc5A0UFcATGQ4aGAwTYhKTFCAUzBJ4EOUSuhYDGksPDxxqFgMSpxUKFnsThg2YEsIN9hamEEQPehG3DYUWHBLdFisQzRuVEqMTJRDYES4TugwHD6MVDg++ET0PLhMRF/8QsxCRFdUPWRf9DkYPAhDBCSQaexCcDEMWqgtWEPsQUx67DZcXZBWrDDMXTxdcDUgStg62FiEZmRZGEjgNzQ4dFjMUkBZMHY4RKA91E+URsRN9DY4Y/xPFDhcS6RFWDwwTXAy8EzUdEBjYGmEX5hFqFFsZNhU/DYwVqx+bCzYaphPwEbwWixs9GlIYUwwGEAMRWhq8CjgPrAyBEhUQ8RTfEhQU5hZNEMoXtRWjDh4NQQ2LEuoOWxJNEAMZpBE3Dy8OhRNLKzMVmxSyGBMWyA71D78YVA0kFDwZdREMGb8OJA5UE+0OWQ/wGLkOxRoVFLkSjROfGIsSChsnDrsPTiQJDXMOxxG8EKAUgxgvFj4S4SQxD4wTvxdUEZAVbxPjHfYTKxyODpcSjBa7DfIlOhMoDFcT4RLLDj4VIBe3EZIJJA0jEm8RmRUZETMQ5hAZE1YSaQ9XDnYReREAErcQjBUFEucOgg9xDjESLxnnDWwP+w9yEJcaWA8hDgAbThioDIIXvw7eEQQOXxjjFVEW8RFAE8oaTBp4FkAOlhTxDOoP1BixCyYMcBLYFlkSUw91FJIQFA52DQsPUQphGEIPvREoD9kRag/vES0W5w4TE7kU0xzUD/0L5xPqDcgaMhJ2GdYiehEVEkEXwxQlD4wN3xdAHvIVMA3tDNQSKRZJGoAbEw9jFjAZbhAnFpQObxMvD5MVVhb8EbITCQ/uDH0NeRLpFi4PUhDwEkYU1hXWC2USEA42Eq0Ozxo8D+cUwxBKEpkOORcTFaAUGhbmEskNYxPHDjQSXRs5GUAP5gwmFDIYdhFnEDoLNRQ1DDIPSw4bDXITjBH5EIch8wvUFCUOaBMXEmMSqBE0HWQLHxF8DYwSrwtQE4IWUQ/6FuARZg9XG5UNWRX1GRkQ1A2JEGMS3ho7FqAVVyUDEEcb+SLXFfUTqhC/GR4e4RySD5MTfCEPEUcRbh4rDRYScRxeFEEU4g8eE/cQRA0FDswPDhgDFO4T4AykDLEPEhIBDXsP6BG2FGIZ/AotGE8SjxRGEnMREhYRFBYRrxCOFQEUiRSaD5YTTxQgFWAOmxKuETsTgRIfGCYXSQwsFAoUKxT3DBESMxfrGgIayhCNHiwOEBelD84TJRCIFU4O9xV3ISEP4AoREFcSSBR9FEUT1g38EkUYfBAKFfsQgxDkFhQXTRugDsEZJBQhHngNKg6cIN0aDRl6D3sSOhF7G/0XKRaWDnAVCRQtHwIPGxvMEXUedw+UEfYMdBLjFWURJRarHMAdQRvaDigTghR2FtobjhDdEJMNNyJNGcAPfBEWDegWTxKjEr8N3haPC50WqBVED/0R9hMQE2AV0hLzDlUWhRSkFIgR2hOPENIOmQ5gDg0TRhVJEEkZ8BGEFx0RJQwdEmgTVw8KFysPNBBcFn8XARA+E28XQhQoEkobBA8wGSgLOBNMEv8U/iibE6cO1xWbFZYX9RglFJEThA5bFLgPug8PDbsN4x8LEBkcZRVXGOkTcBKoEe4QRRCtE8MVXhngE10RQQ0yFvMQVhlwDQgcBhQiE1gO7BgYEecOHRNrFGsWWxYTDsYU4h3QDacaehBpEwES1xFPFS0RERvUG5MLlRM",
  "truncated": false
}
