# This file is @generated, regenerate by re-running test with `-- --env BUCK2_UPDATE_GOLDEN=1` appended to the test command

root//:dummy (cfg:<empty>#<HASH>):
  Providers([
    DefaultInfo(
      sub_targets={},
      default_outputs=[],
      other_outputs=[]
    ),
    Provider1( os="linux" ),
    Provider2( cpu="default" )
  ])
