# This file is @generated, regenerate by re-running test with `-- --env BUCK2_UPDATE_GOLDEN=1` appended to the test command

--show-output
root//:dummy?root//:linux buck-out/v2/gen/root/0899b0510451fef9/__dummy__/dummy.txt
root//:dummy?root//:macos buck-out/v2/gen/root/6fdbb9241d6de484/__dummy__/dummy.txt


--show-full-output
root//:dummy?root//:linux /abs/project/root/buck-out/v2/gen/root/0899b0510451fef9/__dummy__/dummy.txt
root//:dummy?root//:macos /abs/project/root/buck-out/v2/gen/root/6fdbb9241d6de484/__dummy__/dummy.txt


--show-simple-output
buck-out/v2/gen/root/0899b0510451fef9/__dummy__/dummy.txt
buck-out/v2/gen/root/6fdbb9241d6de484/__dummy__/dummy.txt


--show-full-simple-output
/abs/project/root/buck-out/v2/gen/root/0899b0510451fef9/__dummy__/dummy.txt
/abs/project/root/buck-out/v2/gen/root/6fdbb9241d6de484/__dummy__/dummy.txt


--show-json-output
{"root//:dummy?root//:linux":"buck-out/v2/gen/root/0899b0510451fef9/__dummy__/dummy.txt","root//:dummy?root//:macos":"buck-out/v2/gen/root/6fdbb9241d6de484/__dummy__/dummy.txt"}


--show-full-json-output
{"root//:dummy?root//:linux":"/abs/project/root/buck-out/v2/gen/root/0899b0510451fef9/__dummy__/dummy.txt","root//:dummy?root//:macos":"/abs/project/root/buck-out/v2/gen/root/6fdbb9241d6de484/__dummy__/dummy.txt"}
